Component: ARM Compiler 5.06 update 7 (build 960) Tool: armlink [4d3601]

==============================================================================

Section Cross References

    source.o(i.USART1_IRQHandler) refers to sbus_controller.o(i._ZN14SbusController7AddByteEh) for SbusController::AddByte(unsigned char)
    source.o(i.USART1_IRQHandler) refers to sbus_controller.o(i._ZN14SbusController5ParseEv) for SbusController::Parse()
    source.o(i.USART1_IRQHandler) refers to source.o(.bss) for sbus
    source.o(i._Z7InitRCCv) refers to source.o(i._Z22LL_RCC_SetSysClkSourcej) for LL_RCC_SetSysClkSource(unsigned)
    source.o(i._Z7InitRCCv) refers to source.o(i._Z22LL_RCC_GetSysClkSourcev) for LL_RCC_GetSysClkSource()
    source.o(i._Z7InitRCCv) refers to system_stm32f0xx.o(i.SystemCoreClockUpdate) for SystemCoreClockUpdate
    source.o(i._Z8InitSBUSv) refers to sbus_controller.o(i._ZN14SbusController4InitE26SbusController_InitTypeDef) for SbusController::Init(SbusController_InitTypeDef)
    source.o(i._Z8InitSBUSv) refers to source.o(.bss) for sbus
    source.o(i.main) refers to source.o(i._Z10InitPeriphv) for InitPeriph()
    source.o(i.main) refers to source.o(i._Z7InitRCCv) for InitRCC()
    source.o(i.main) refers to source.o(i._Z8InitSBUSv) for InitSBUS()
    source.o(.ARM.exidx) refers to source.o(i.USART1_IRQHandler) for i.USART1_IRQHandler
    source.o(.ARM.exidx) refers to source.o(i._Z8InitSBUSv) for i._Z8InitSBUSv
    source.o(.ARM.exidx) refers to source.o(i._Z7InitRCCv) for i._Z7InitRCCv
    source.o(.ARM.exidx) refers to source.o(i._Z10InitPeriphv) for i._Z10InitPeriphv
    source.o(.ARM.exidx) refers to source.o(i.main) for i.main
    source.o(.ARM.exidx) refers to source.o(i._Z22LL_RCC_SetSysClkSourcej) for i._Z22LL_RCC_SetSysClkSourcej
    source.o(.ARM.exidx) refers to source.o(i._Z22LL_RCC_GetSysClkSourcev) for i._Z22LL_RCC_GetSysClkSourcev
    system_stm32f0xx.o(i.SystemCoreClockUpdate) refers to aeabi_sdiv.o(.text) for __aeabi_uidivmod
    system_stm32f0xx.o(i.SystemCoreClockUpdate) refers to system_stm32f0xx.o(.data) for SystemCoreClock
    system_stm32f0xx.o(i.SystemCoreClockUpdate) refers to system_stm32f0xx.o(.constdata) for AHBPrescTable
    startup_stm32f030x6.o(STACK) refers (Special) to heapauxi.o(.text) for __use_two_region_memory
    startup_stm32f030x6.o(HEAP) refers (Special) to heapauxi.o(.text) for __use_two_region_memory
    startup_stm32f030x6.o(RESET) refers (Special) to heapauxi.o(.text) for __use_two_region_memory
    startup_stm32f030x6.o(RESET) refers to startup_stm32f030x6.o(STACK) for __initial_sp
    startup_stm32f030x6.o(RESET) refers to startup_stm32f030x6.o(.text) for Reset_Handler
    startup_stm32f030x6.o(RESET) refers to source.o(i.USART1_IRQHandler) for USART1_IRQHandler
    startup_stm32f030x6.o(.text) refers (Special) to heapauxi.o(.text) for __use_two_region_memory
    startup_stm32f030x6.o(.text) refers to system_stm32f0xx.o(i.SystemInit) for SystemInit
    startup_stm32f030x6.o(.text) refers to __main.o(!!!main) for __main
    startup_stm32f030x6.o(.text) refers to startup_stm32f030x6.o(HEAP) for Heap_Mem
    startup_stm32f030x6.o(.text) refers to startup_stm32f030x6.o(STACK) for Stack_Mem
    periph_functions.o(i._Z13EnableDmaIRQnP11DMA_TypeDefjh) refers to periph_functions.o(i.__ARM_common_switch8) for __ARM_common_switch8
    periph_functions.o(i._Z13EnableDmaIRQnP11DMA_TypeDefjh) refers to periph_functions.o(i._Z16__NVIC_EnableIRQ9IRQn_Type) for __NVIC_EnableIRQ(IRQn_Type)
    periph_functions.o(i._Z13EnableDmaIRQnP11DMA_TypeDefjh) refers to periph_functions.o(i._Z18__NVIC_SetPriority9IRQn_Typej) for __NVIC_SetPriority(IRQn_Type, unsigned)
    periph_functions.o(i._Z13EnableTimIRQnP11TIM_TypeDefh) refers to periph_functions.o(i._Z16__NVIC_EnableIRQ9IRQn_Type) for __NVIC_EnableIRQ(IRQn_Type)
    periph_functions.o(i._Z13EnableTimIRQnP11TIM_TypeDefh) refers to periph_functions.o(i._Z18__NVIC_SetPriority9IRQn_Typej) for __NVIC_SetPriority(IRQn_Type, unsigned)
    periph_functions.o(i._Z13RemapDmaUsartP13USART_TypeDefj) refers to periph_functions.o(i._Z27LL_SYSCFG_SetRemapDMA_USARTj) for LL_SYSCFG_SetRemapDMA_USART(unsigned)
    periph_functions.o(i._Z14ClearDmaTCFlagP11DMA_TypeDefj) refers to periph_functions.o(i.__ARM_common_switch8) for __ARM_common_switch8
    periph_functions.o(i._Z14DisableDmaIRQnP11DMA_TypeDefj) refers to periph_functions.o(i.__ARM_common_switch8) for __ARM_common_switch8
    periph_functions.o(i._Z14DisableDmaIRQnP11DMA_TypeDefj) refers to periph_functions.o(i._Z17__NVIC_DisableIRQ9IRQn_Type) for __NVIC_DisableIRQ(IRQn_Type)
    periph_functions.o(i._Z14EnableExtiIRQnjh) refers to periph_functions.o(i._Z16__NVIC_EnableIRQ9IRQn_Type) for __NVIC_EnableIRQ(IRQn_Type)
    periph_functions.o(i._Z14EnableExtiIRQnjh) refers to periph_functions.o(i._Z18__NVIC_SetPriority9IRQn_Typej) for __NVIC_SetPriority(IRQn_Type, unsigned)
[...]
    periph_functions.o(.ARM.exidx) refers to periph_functions.o(i._Z13EnableTimIRQnP11TIM_TypeDefh) for i._Z13EnableTimIRQnP11TIM_TypeDefh
    periph_functions.o(.ARM.exidx) refers to periph_functions.o(i._Z15DisableExtiIRQnj) for i._Z15DisableExtiIRQnj
    periph_functions.o(.ARM.exidx) refers to periph_functions.o(i._Z13EnableDmaIRQnP11DMA_TypeDefjh) for i._Z13EnableDmaIRQnP11DMA_TypeDefjh
    periph_functions.o(.ARM.exidx) refers to periph_functions.o(i._Z14ClearDmaTCFlagP11DMA_TypeDefj) for i._Z14ClearDmaTCFlagP11DMA_TypeDefj
    periph_functions.o(.ARM.exidx) refers to periph_functions.o(i._Z15EnableUsartIrqnP13USART_TypeDefh) for i._Z15EnableUsartIrqnP13USART_TypeDefh
    periph_functions.o(.ARM.exidx) refers to periph_functions.o(i._Z14DisableDmaIRQnP11DMA_TypeDefj) for i._Z14DisableDmaIRQnP11DMA_TypeDefj
    periph_functions.o(.ARM.exidx) refers to periph_functions.o(i._Z8GetTimOCP11TIM_TypeDefj) for i._Z8GetTimOCP11TIM_TypeDefj
    periph_functions.o(.ARM.exidx) refers to periph_functions.o(i._Z13RemapDmaUsartP13USART_TypeDefj) for i._Z13RemapDmaUsartP13USART_TypeDefj
    periph_functions.o(.ARM.exidx) refers to periph_functions.o(i._Z16__NVIC_EnableIRQ9IRQn_Type) for i._Z16__NVIC_EnableIRQ9IRQn_Type
    periph_functions.o(.ARM.exidx) refers to periph_functions.o(i._Z27LL_SYSCFG_SetRemapDMA_USARTj) for i._Z27LL_SYSCFG_SetRemapDMA_USARTj
    sbus_controller.o(i._ZN14SbusController4InitE26SbusController_InitTypeDef) refers to sbus_controller.o(i._ZN14SbusController8InitGPIOEv) for SbusController::InitGPIO()
    sbus_controller.o(i._ZN14SbusController4InitE26SbusController_InitTypeDef) refers to sbus_controller.o(i._ZN14SbusController9InitUSARTEv) for SbusController::InitUSART()
    sbus_controller.o(i._ZN14SbusController8InitGPIOEv) refers to stm32f0xx_ll_gpio.o(i.LL_GPIO_Init) for LL_GPIO_Init
    sbus_controller.o(i._ZN14SbusController9InitUSARTEv) refers to stm32f0xx_ll_usart.o(i.LL_USART_Init) for LL_USART_Init
    sbus_controller.o(i._ZN14SbusController9InitUSARTEv) refers to sbus_controller.o(i._Z13__set_PRIMASKj) for __set_PRIMASK(unsigned)
    sbus_controller.o(i._ZN14SbusController9InitUSARTEv) refers to periph_functions.o(i._Z15EnableUsartIrqnP13USART_TypeDefh) for EnableUsartIrqn(USART_TypeDef*, unsigned char)
    sbus_controller.o(.ARM.exidx) refers to sbus_controller.o(i._ZN14SbusController9InitUSARTEv) for i._ZN14SbusController9InitUSARTEv
    sbus_controller.o(.ARM.exidx) refers to sbus_controller.o(i._ZN14SbusController8InitGPIOEv) for i._ZN14SbusController8InitGPIOEv
    sbus_controller.o(.ARM.exidx) refers to sbus_controller.o(i._ZN14SbusController4InitE26SbusController_InitTypeDef) for i._ZN14SbusController4InitE26SbusController_InitTypeDef
    sbus_controller.o(.ARM.exidx) refers to sbus_controller.o(i._ZN14SbusController5ParseEv) for i._ZN14SbusController5ParseEv
    sbus_controller.o(.ARM.exidx) refers to sbus_controller.o(i._ZN14SbusController7AddByteEh) for i._ZN14SbusController7AddByteEh
    sbus_controller.o(.ARM.exidx) refers to sbus_controller.o(i._Z13__set_PRIMASKj) for i._Z13__set_PRIMASKj
    stm32f0xx_ll_adc.o(i.LL_ADC_DeInit) refers to stm32f0xx_ll_adc.o(i.LL_ADC_IsEnabled) for LL_ADC_IsEnabled
    stm32f0xx_ll_adc.o(i.LL_ADC_DeInit) refers to stm32f0xx_ll_adc.o(i.LL_ADC_REG_IsStopConversionOngoing) for LL_ADC_REG_IsStopConversionOngoing
    stm32f0xx_ll_adc.o(i.LL_ADC_Init) refers to stm32f0xx_ll_adc.o(i.LL_ADC_IsEnabled) for LL_ADC_IsEnabled
    stm32f0xx_ll_adc.o(i.LL_ADC_REG_Init) refers to stm32f0xx_ll_adc.o(i.LL_ADC_IsEnabled) for LL_ADC_IsEnabled
    stm32f0xx_ll_dma.o(i.LL_DMA_Init) refers to stm32f0xx_ll_dma.o(.constdata) for CHANNEL_OFFSET_TAB
    stm32f0xx_ll_exti.o(i.LL_EXTI_Init) refers to stm32f0xx_ll_exti.o(i.LL_EXTI_DisableEvent_0_31) for LL_EXTI_DisableEvent_0_31
    stm32f0xx_ll_exti.o(i.LL_EXTI_Init) refers to stm32f0xx_ll_exti.o(i.LL_EXTI_EnableIT_0_31) for LL_EXTI_EnableIT_0_31
    stm32f0xx_ll_exti.o(i.LL_EXTI_Init) refers to stm32f0xx_ll_exti.o(i.LL_EXTI_DisableIT_0_31) for LL_EXTI_DisableIT_0_31
    stm32f0xx_ll_exti.o(i.LL_EXTI_Init) refers to stm32f0xx_ll_exti.o(i.LL_EXTI_EnableEvent_0_31) for LL_EXTI_EnableEvent_0_31
    stm32f0xx_ll_exti.o(i.LL_EXTI_Init) refers to stm32f0xx_ll_exti.o(i.LL_EXTI_EnableRisingTrig_0_31) for LL_EXTI_EnableRisingTrig_0_31
    stm32f0xx_ll_exti.o(i.LL_EXTI_Init) refers to stm32f0xx_ll_exti.o(i.LL_EXTI_EnableFallingTrig_0_31) for LL_EXTI_EnableFallingTrig_0_31
    stm32f0xx_ll_gpio.o(i.LL_GPIO_DeInit) refers to stm32f0xx_ll_gpio.o(i.LL_AHB1_GRP1_ForceReset) for LL_AHB1_GRP1_ForceReset
    stm32f0xx_ll_gpio.o(i.LL_GPIO_DeInit) refers to stm32f0xx_ll_gpio.o(i.LL_AHB1_GRP1_ReleaseReset) for LL_AHB1_GRP1_ReleaseReset
    stm32f0xx_ll_rcc.o(i.LL_RCC_DeInit) refers to stm32f0xx_ll_rcc.o(i.LL_RCC_HSI_IsReady) for LL_RCC_HSI_IsReady
    stm32f0xx_ll_rcc.o(i.LL_RCC_DeInit) refers to stm32f0xx_ll_rcc.o(i.LL_RCC_GetSysClkSource) for LL_RCC_GetSysClkSource
    stm32f0xx_ll_rcc.o(i.LL_RCC_GetI2CClockFreq) refers to stm32f0xx_ll_rcc.o(i.RCC_GetSystemClockFreq) for RCC_GetSystemClockFreq
    stm32f0xx_ll_rcc.o(i.LL_RCC_GetI2CClockFreq) refers to stm32f0xx_ll_rcc.o(i.LL_RCC_HSI_IsReady) for LL_RCC_HSI_IsReady
    stm32f0xx_ll_rcc.o(i.LL_RCC_GetSystemClocksFreq) refers to stm32f0xx_ll_rcc.o(i.RCC_GetSystemClockFreq) for RCC_GetSystemClockFreq
    stm32f0xx_ll_rcc.o(i.LL_RCC_GetSystemClocksFreq) refers to stm32f0xx_ll_rcc.o(i.RCC_GetHCLKClockFreq) for RCC_GetHCLKClockFreq
    stm32f0xx_ll_rcc.o(i.LL_RCC_GetSystemClocksFreq) refers to stm32f0xx_ll_rcc.o(i.RCC_GetPCLK1ClockFreq) for RCC_GetPCLK1ClockFreq
    stm32f0xx_ll_rcc.o(i.LL_RCC_GetUSARTClockFreq) refers to stm32f0xx_ll_rcc.o(i.RCC_GetSystemClockFreq) for RCC_GetSystemClockFreq
    stm32f0xx_ll_rcc.o(i.LL_RCC_GetUSARTClockFreq) refers to stm32f0xx_ll_rcc.o(i.LL_RCC_HSI_IsReady) for LL_RCC_HSI_IsReady
    stm32f0xx_ll_rcc.o(i.LL_RCC_GetUSARTClockFreq) refers to stm32f0xx_ll_rcc.o(i.RCC_GetHCLKClockFreq) for RCC_GetHCLKClockFreq
    stm32f0xx_ll_rcc.o(i.LL_RCC_GetUSARTClockFreq) refers to stm32f0xx_ll_rcc.o(i.RCC_GetPCLK1ClockFreq) for RCC_GetPCLK1ClockFreq
    stm32f0xx_ll_rcc.o(i.RCC_GetHCLKClockFreq) refers to system_stm32f0xx.o(.constdata) for AHBPrescTable
    stm32f0xx_ll_rcc.o(i.RCC_GetPCLK1ClockFreq) refers to system_stm32f0xx.o(.constdata) for APBPrescTable
    stm32f0xx_ll_rcc.o(i.RCC_GetSystemClockFreq) refers to stm32f0xx_ll_rcc.o(i.LL_RCC_GetSysClkSource) for LL_RCC_GetSysClkSource
    stm32f0xx_ll_rcc.o(i.RCC_GetSystemClockFreq) refers to stm32f0xx_ll_rcc.o(i.RCC_PLL_GetFreqDomain_SYS) for RCC_PLL_GetFreqDomain_SYS
    stm32f0xx_ll_rcc.o(i.RCC_PLL_GetFreqDomain_SYS) refers to aeabi_sdiv.o(.text) for __aeabi_uidivmod
    stm32f0xx_ll_rtc.o(i.LL_RTC_ALMA_Init) refers to stm32f0xx_ll_rtc.o(i.LL_RTC_GetHourFormat) for LL_RTC_GetHourFormat
    stm32f0xx_ll_rtc.o(i.LL_RTC_ALMA_Init) refers to stm32f0xx_ll_rtc.o(i.LL_RTC_DisableWriteProtection) for LL_RTC_DisableWriteProtection
    stm32f0xx_ll_rtc.o(i.LL_RTC_ALMA_Init) refers to stm32f0xx_ll_rtc.o(i.LL_RTC_ALMA_SetDay) for LL_RTC_ALMA_SetDay
    stm32f0xx_ll_rtc.o(i.LL_RTC_ALMA_Init) refers to aeabi_sdiv.o(.text) for __aeabi_uidivmod
    stm32f0xx_ll_rtc.o(i.LL_RTC_ALMA_Init) refers to stm32f0xx_ll_rtc.o(i.LL_RTC_ALMA_ConfigTime) for LL_RTC_ALMA_ConfigTime
    stm32f0xx_ll_rtc.o(i.LL_RTC_ALMA_Init) refers to stm32f0xx_ll_rtc.o(i.LL_RTC_EnableWriteProtection) for LL_RTC_EnableWriteProtection
    stm32f0xx_ll_rtc.o(i.LL_RTC_DATE_Init) refers to stm32f0xx_ll_rtc.o(i.LL_RTC_DisableWriteProtection) for LL_RTC_DisableWriteProtection
    stm32f0xx_ll_rtc.o(i.LL_RTC_DATE_Init) refers to stm32f0xx_ll_rtc.o(i.LL_RTC_EnterInitMode) for LL_RTC_EnterInitMode
    stm32f0xx_ll_rtc.o(i.LL_RTC_DATE_Init) refers to stm32f0xx_ll_rtc.o(i.LL_RTC_DATE_Config) for LL_RTC_DATE_Config
    stm32f0xx_ll_rtc.o(i.LL_RTC_DATE_Init) refers to aeabi_sdiv.o(.text) for __aeabi_uidivmod
    stm32f0xx_ll_rtc.o(i.LL_RTC_DATE_Init) refers to stm32f0xx_ll_rtc.o(i.LL_RTC_DisableInitMode) for LL_RTC_DisableInitMode
    stm32f0xx_ll_rtc.o(i.LL_RTC_DATE_Init) refers to stm32f0xx_ll_rtc.o(i.LL_RTC_IsShadowRegBypassEnabled) for LL_RTC_IsShadowRegBypassEnabled
    stm32f0xx_ll_rtc.o(i.LL_RTC_DATE_Init) refers to stm32f0xx_ll_rtc.o(i.LL_RTC_WaitForSynchro) for LL_RTC_WaitForSynchro
    stm32f0xx_ll_rtc.o(i.LL_RTC_DATE_Init) refers to stm32f0xx_ll_rtc.o(i.LL_RTC_EnableWriteProtection) for LL_RTC_EnableWriteProtection
    stm32f0xx_ll_rtc.o(i.LL_RTC_DeInit) refers to stm32f0xx_ll_rtc.o(i.LL_RTC_DisableWriteProtection) for LL_RTC_DisableWriteProtection
    stm32f0xx_ll_rtc.o(i.LL_RTC_DeInit) refers to stm32f0xx_ll_rtc.o(i.LL_RTC_EnterInitMode) for LL_RTC_EnterInitMode
    stm32f0xx_ll_rtc.o(i.LL_RTC_DeInit) refers to stm32f0xx_ll_rtc.o(i.LL_RTC_WaitForSynchro) for LL_RTC_WaitForSynchro
    stm32f0xx_ll_rtc.o(i.LL_RTC_DeInit) refers to stm32f0xx_ll_rtc.o(i.LL_RTC_EnableWriteProtection) for LL_RTC_EnableWriteProtection
    stm32f0xx_ll_rtc.o(i.LL_RTC_EnterInitMode) refers to stm32f0xx_ll_rtc.o(i.LL_RTC_IsActiveFlag_INIT) for LL_RTC_IsActiveFlag_INIT
    stm32f0xx_ll_rtc.o(i.LL_RTC_EnterInitMode) refers to stm32f0xx_ll_rtc.o(i.LL_SYSTICK_IsActiveCounterFlag) for LL_SYSTICK_IsActiveCounterFlag
    stm32f0xx_ll_rtc.o(i.LL_RTC_ExitInitMode) refers to stm32f0xx_ll_rtc.o(i.LL_RTC_DisableInitMode) for LL_RTC_DisableInitMode
    stm32f0xx_ll_rtc.o(i.LL_RTC_Init) refers to stm32f0xx_ll_rtc.o(i.LL_RTC_DisableWriteProtection) for LL_RTC_DisableWriteProtection
    stm32f0xx_ll_rtc.o(i.LL_RTC_Init) refers to stm32f0xx_ll_rtc.o(i.LL_RTC_EnterInitMode) for LL_RTC_EnterInitMode
    stm32f0xx_ll_rtc.o(i.LL_RTC_Init) refers to stm32f0xx_ll_rtc.o(i.LL_RTC_DisableInitMode) for LL_RTC_DisableInitMode
    stm32f0xx_ll_rtc.o(i.LL_RTC_Init) refers to stm32f0xx_ll_rtc.o(i.LL_RTC_EnableWriteProtection) for LL_RTC_EnableWriteProtection
    stm32f0xx_ll_rtc.o(i.LL_RTC_TIME_Init) refers to stm32f0xx_ll_rtc.o(i.LL_RTC_GetHourFormat) for LL_RTC_GetHourFormat
    stm32f0xx_ll_rtc.o(i.LL_RTC_TIME_Init) refers to stm32f0xx_ll_rtc.o(i.LL_RTC_DisableWriteProtection) for LL_RTC_DisableWriteProtection
    stm32f0xx_ll_rtc.o(i.LL_RTC_TIME_Init) refers to stm32f0xx_ll_rtc.o(i.LL_RTC_EnterInitMode) for LL_RTC_EnterInitMode
    stm32f0xx_ll_rtc.o(i.LL_RTC_TIME_Init) refers to stm32f0xx_ll_rtc.o(i.LL_RTC_TIME_Config) for LL_RTC_TIME_Config
    stm32f0xx_ll_rtc.o(i.LL_RTC_TIME_Init) refers to aeabi_sdiv.o(.text) for __aeabi_uidivmod
    stm32f0xx_ll_rtc.o(i.LL_RTC_TIME_Init) refers to stm32f0xx_ll_rtc.o(i.LL_RTC_DisableInitMode) for LL_RTC_DisableInitMode
    stm32f0xx_ll_rtc.o(i.LL_RTC_TIME_Init) refers to stm32f0xx_ll_rtc.o(i.LL_RTC_IsShadowRegBypassEnabled) for LL_RTC_IsShadowRegBypassEnabled
    stm32f0xx_ll_rtc.o(i.LL_RTC_TIME_Init) refers to stm32f0xx_ll_rtc.o(i.LL_RTC_WaitForSynchro) for LL_RTC_WaitForSynchro
    stm32f0xx_ll_rtc.o(i.LL_RTC_TIME_Init) refers to stm32f0xx_ll_rtc.o(i.LL_RTC_EnableWriteProtection) for LL_RTC_EnableWriteProtection
    stm32f0xx_ll_rtc.o(i.LL_RTC_WaitForSynchro) refers to stm32f0xx_ll_rtc.o(i.LL_RTC_IsActiveFlag_RS) for LL_RTC_IsActiveFlag_RS
    stm32f0xx_ll_rtc.o(i.LL_RTC_WaitForSynchro) refers to stm32f0xx_ll_rtc.o(i.LL_SYSTICK_IsActiveCounterFlag) for LL_SYSTICK_IsActiveCounterFlag
    stm32f0xx_ll_tim.o(i.LL_TIM_DeInit) refers to stm32f0xx_ll_tim.o(i.LL_APB1_GRP2_ForceReset) for LL_APB1_GRP2_ForceReset
    stm32f0xx_ll_tim.o(i.LL_TIM_DeInit) refers to stm32f0xx_ll_tim.o(i.LL_APB1_GRP2_ReleaseReset) for LL_APB1_GRP2_ReleaseReset
    stm32f0xx_ll_tim.o(i.LL_TIM_DeInit) refers to stm32f0xx_ll_tim.o(i.LL_APB1_GRP1_ForceReset) for LL_APB1_GRP1_ForceReset
    stm32f0xx_ll_tim.o(i.LL_TIM_DeInit) refers to stm32f0xx_ll_tim.o(i.LL_APB1_GRP1_ReleaseReset) for LL_APB1_GRP1_ReleaseReset
    stm32f0xx_ll_tim.o(i.LL_TIM_HALLSENSOR_Init) refers to stm32f0xx_ll_tim.o(i.LL_TIM_OC_SetCompareCH2) for LL_TIM_OC_SetCompareCH2
    stm32f0xx_ll_tim.o(i.LL_TIM_IC_Init) refers to stm32f0xx_ll_tim.o(i.IC1Config) for IC1Config
    stm32f0xx_ll_tim.o(i.LL_TIM_IC_Init) refers to stm32f0xx_ll_tim.o(i.IC2Config) for IC2Config
    stm32f0xx_ll_tim.o(i.LL_TIM_IC_Init) refers to stm32f0xx_ll_tim.o(i.IC3Config) for IC3Config
    stm32f0xx_ll_tim.o(i.LL_TIM_IC_Init) refers to stm32f0xx_ll_tim.o(i.IC4Config) for IC4Config
    stm32f0xx_ll_tim.o(i.LL_TIM_OC_Init) refers to stm32f0xx_ll_tim.o(i.OC1Config) for OC1Config
    stm32f0xx_ll_tim.o(i.LL_TIM_OC_Init) refers to stm32f0xx_ll_tim.o(i.OC2Config) for OC2Config
    stm32f0xx_ll_tim.o(i.LL_TIM_OC_Init) refers to stm32f0xx_ll_tim.o(i.OC3Config) for OC3Config
    stm32f0xx_ll_tim.o(i.LL_TIM_OC_Init) refers to stm32f0xx_ll_tim.o(i.OC4Config) for OC4Config
    stm32f0xx_ll_tim.o(i.OC2Config) refers to stm32f0xx_ll_tim.o(i.LL_TIM_OC_SetCompareCH2) for LL_TIM_OC_SetCompareCH2
    stm32f0xx_ll_usart.o(i.LL_USART_ClockInit) refers to stm32f0xx_ll_usart.o(i.LL_USART_IsEnabled) for LL_USART_IsEnabled
    stm32f0xx_ll_usart.o(i.LL_USART_Init) refers to stm32f0xx_ll_usart.o(i.LL_USART_IsEnabled) for LL_USART_IsEnabled
    stm32f0xx_ll_usart.o(i.LL_USART_Init) refers to stm32f0xx_ll_rcc.o(i.LL_RCC_GetUSARTClockFreq) for LL_RCC_GetUSARTClockFreq
    stm32f0xx_ll_usart.o(i.LL_USART_Init) refers to aeabi_sdiv.o(.text) for __aeabi_uidivmod
    stm32f0xx_ll_utils.o(i.LL_Init1msTick) refers to aeabi_sdiv.o(.text) for __aeabi_uidivmod
    stm32f0xx_ll_utils.o(i.LL_PLL_ConfigSystemClock_HSE) refers to stm32f0xx_ll_utils.o(i.UTILS_PLL_IsBusy) for UTILS_PLL_IsBusy
    stm32f0xx_ll_utils.o(i.LL_PLL_ConfigSystemClock_HSE) refers to stm32f0xx_ll_utils.o(i.UTILS_GetPLLOutputFrequency) for UTILS_GetPLLOutputFrequency
    stm32f0xx_ll_utils.o(i.LL_PLL_ConfigSystemClock_HSE) refers to stm32f0xx_ll_utils.o(i.LL_RCC_HSE_IsReady) for LL_RCC_HSE_IsReady
    stm32f0xx_ll_utils.o(i.LL_PLL_ConfigSystemClock_HSE) refers to stm32f0xx_ll_utils.o(i.LL_RCC_PLL_ConfigDomain_SYS) for LL_RCC_PLL_ConfigDomain_SYS
    stm32f0xx_ll_utils.o(i.LL_PLL_ConfigSystemClock_HSE) refers to stm32f0xx_ll_utils.o(i.UTILS_EnablePLLAndSwitchSystem) for UTILS_EnablePLLAndSwitchSystem
    stm32f0xx_ll_utils.o(i.LL_PLL_ConfigSystemClock_HSI) refers to stm32f0xx_ll_utils.o(i.UTILS_PLL_IsBusy) for UTILS_PLL_IsBusy
    stm32f0xx_ll_utils.o(i.LL_PLL_ConfigSystemClock_HSI) refers to stm32f0xx_ll_utils.o(i.UTILS_GetPLLOutputFrequency) for UTILS_GetPLLOutputFrequency
    stm32f0xx_ll_utils.o(i.LL_PLL_ConfigSystemClock_HSI) refers to stm32f0xx_ll_utils.o(i.LL_RCC_HSI_IsReady) for LL_RCC_HSI_IsReady
    stm32f0xx_ll_utils.o(i.LL_PLL_ConfigSystemClock_HSI) refers to stm32f0xx_ll_utils.o(i.LL_RCC_PLL_ConfigDomain_SYS) for LL_RCC_PLL_ConfigDomain_SYS
    stm32f0xx_ll_utils.o(i.LL_PLL_ConfigSystemClock_HSI) refers to stm32f0xx_ll_utils.o(i.UTILS_EnablePLLAndSwitchSystem) for UTILS_EnablePLLAndSwitchSystem
    stm32f0xx_ll_utils.o(i.LL_SetSystemCoreClock) refers to system_stm32f0xx.o(.data) for SystemCoreClock
    stm32f0xx_ll_utils.o(i.UTILS_EnablePLLAndSwitchSystem) refers to stm32f0xx_ll_utils.o(i.LL_SetFlashLatency) for LL_SetFlashLatency
    stm32f0xx_ll_utils.o(i.UTILS_EnablePLLAndSwitchSystem) refers to stm32f0xx_ll_utils.o(i.LL_RCC_PLL_IsReady) for LL_RCC_PLL_IsReady
    stm32f0xx_ll_utils.o(i.UTILS_EnablePLLAndSwitchSystem) refers to stm32f0xx_ll_utils.o(i.LL_SetSystemCoreClock) for LL_SetSystemCoreClock
    stm32f0xx_ll_utils.o(i.UTILS_EnablePLLAndSwitchSystem) refers to system_stm32f0xx.o(.constdata) for AHBPrescTable
    stm32f0xx_ll_utils.o(i.UTILS_EnablePLLAndSwitchSystem) refers to system_stm32f0xx.o(.data) for SystemCoreClock
    stm32f0xx_ll_utils.o(i.UTILS_GetPLLOutputFrequency) refers to aeabi_sdiv.o(.text) for __aeabi_uidivmod
    stm32f0xx_ll_utils.o(i.UTILS_PLL_IsBusy) refers to stm32f0xx_ll_utils.o(i.LL_RCC_PLL_IsReady) for LL_RCC_PLL_IsReady
    __main.o(!!!main) refers to __rtentry.o(.ARM.Collect$$rtentry$$00000000) for __rt_entry
    __rtentry.o(.ARM.Collect$$rtentry$$00000000) refers (Special) to __rtentry2.o(.ARM.Collect$$rtentry$$0000000A) for __rt_entry_li
    __rtentry.o(.ARM.Collect$$rtentry$$00000000) refers (Special) to __rtentry2.o(.ARM.Collect$$rtentry$$0000000D) for __rt_entry_main
    __rtentry.o(.ARM.Collect$$rtentry$$00000000) refers (Special) to __rtentry2.o(.ARM.Collect$$rtentry$$0000000C) for __rt_entry_postli_1
    __rtentry.o(.ARM.Collect$$rtentry$$00000000) refers (Special) to __rtentry2.o(.ARM.Collect$$rtentry$$00000009) for __rt_entry_postsh_1
    __rtentry.o(.ARM.Collect$$rtentry$$00000000) refers (Special) to __rtentry2.o(.ARM.Collect$$rtentry$$00000002) for __rt_entry_presh_1
    __rtentry.o(.ARM.Collect$$rtentry$$00000000) refers (Special) to __rtentry4.o(.ARM.Collect$$rtentry$$00000004) for __rt_entry_sh
    aeabi_idiv0_sigfpe.o(.text) refers to rt_div0.o(.text) for __rt_div0
    __rtentry2.o(.ARM.Collect$$rtentry$$00000008) refers to boardinit2.o(.text) for _platform_post_stackheap_init
    __rtentry2.o(.ARM.Collect$$rtentry$$0000000A) refers to libinit.o(.ARM.Collect$$libinit$$00000000) for __rt_lib_init
    __rtentry2.o(.ARM.Collect$$rtentry$$0000000B) refers to boardinit3.o(.text) for _platform_post_lib_init
    __rtentry2.o(.ARM.Collect$$rtentry$$0000000D) refers to source.o(i.main) for main
    __rtentry2.o(.ARM.Collect$$rtentry$$0000000D) refers to exit.o(.text) for exit
    __rtentry2.o(.ARM.exidx) refers to __rtentry2.o(.ARM.Collect$$rtentry$$00000001) for .ARM.Collect$$rtentry$$00000001
    __rtentry2.o(.ARM.exidx) refers to __rtentry2.o(.ARM.Collect$$rtentry$$00000008) for .ARM.Collect$$rtentry$$00000008
    __rtentry2.o(.ARM.exidx) refers to __rtentry2.o(.ARM.Collect$$rtentry$$0000000A) for .ARM.Collect$$rtentry$$0000000A
    __rtentry2.o(.ARM.exidx) refers to __rtentry2.o(.ARM.Collect$$rtentry$$0000000B) for .ARM.Collect$$rtentry$$0000000B
    __rtentry2.o(.ARM.exidx) refers to __rtentry2.o(.ARM.Collect$$rtentry$$0000000D) for .ARM.Collect$$rtentry$$0000000D
    __rtentry4.o(.ARM.Collect$$rtentry$$00000004) refers to sys_stackheap_outer.o(.text) for __user_setup_stackheap
    __rtentry4.o(.ARM.exidx) refers to __rtentry4.o(.ARM.Collect$$rtentry$$00000004) for .ARM.Collect$$rtentry$$00000004
    rt_div0.o(.text) refers to defsig_fpe_outer.o(.text) for __rt_SIGFPE
    sys_stackheap_outer.o(.text) refers to libspace.o(.text) for __user_perproc_libspace
    sys_stackheap_outer.o(.text) refers to startup_stm32f030x6.o(.text) for __user_initial_stackheap
    sys_stackheap_outer.o(__vectab_stack_and_reset_area) refers to tempstk.o(.text) for __temporary_stack_top
    sys_stackheap_outer.o(__vectab_stack_and_reset_area) refers to __main.o(!!!main) for __main
    exit.o(.text) refers to rtexit.o(.ARM.Collect$$rtexit$$00000000) for __rt_exit
    defsig_fpe_outer.o(.text) refers to defsig_fpe_inner.o(.text) for __rt_SIGFPE_inner
    defsig_fpe_outer.o(.text) refers to defsig_exit.o(.text) for __sig_exit
    defsig_fpe_formal.o(.text) refers to rt_raise.o(.text) for __rt_raise
    libinit.o(.ARM.Collect$$libinit$$00000000) refers (Special) to libinit2.o(.ARM.Collect$$libinit$$0000002E) for __rt_lib_init_alloca_1
    libinit.o(.ARM.Collect$$libinit$$00000000) refers (Special) to libinit2.o(.ARM.Collect$$libinit$$0000002C) for __rt_lib_init_argv_1
    libinit.o(.ARM.Collect$$libinit$$00000000) refers (Special) to libinit2.o(.ARM.Collect$$libinit$$0000001B) for __rt_lib_init_atexit_1
    libinit.o(.ARM.Collect$$libinit$$00000000) refers (Special) to libinit2.o(.ARM.Collect$$libinit$$00000021) for __rt_lib_init_clock_1
    libinit.o(.ARM.Collect$$libinit$$00000000) refers (Special) to libinit2.o(.ARM.Collect$$libinit$$00000032) for __rt_lib_init_cpp_1
    libinit.o(.ARM.Collect$$libinit$$00000000) refers (Special) to libinit2.o(.ARM.Collect$$libinit$$00000030) for __rt_lib_init_exceptions_1
    libinit.o(.ARM.Collect$$libinit$$00000000) refers (Special) to libinit2.o(.ARM.Collect$$libinit$$00000002) for __rt_lib_init_fp_1
    libinit.o(.ARM.Collect$$libinit$$00000000) refers (Special) to libinit2.o(.ARM.Collect$$libinit$$0000001F) for __rt_lib_init_fp_trap_1
    libinit.o(.ARM.Collect$$libinit$$00000000) refers (Special) to libinit2.o(.ARM.Collect$$libinit$$00000023) for __rt_lib_init_getenv_1
    libinit.o(.ARM.Collect$$libinit$$00000000) refers (Special) to libinit2.o(.ARM.Collect$$libinit$$0000000A) for __rt_lib_init_heap_1
    libinit.o(.ARM.Collect$$libinit$$00000000) refers (Special) to libinit2.o(.ARM.Collect$$libinit$$00000011) for __rt_lib_init_lc_collate_1
    libinit.o(.ARM.Collect$$libinit$$00000000) refers (Special) to libinit2.o(.ARM.Collect$$libinit$$00000013) for __rt_lib_init_lc_ctype_1
    libinit.o(.ARM.Collect$$libinit$$00000000) refers (Special) to libinit2.o(.ARM.Collect$$libinit$$00000015) for __rt_lib_init_lc_monetary_1
    libinit.o(.ARM.Collect$$libinit$$00000000) refers (Special) to libinit2.o(.ARM.Collect$$libinit$$00000017) for __rt_lib_init_lc_numeric_1
    libinit.o(.ARM.Collect$$libinit$$00000000) refers (Special) to libinit2.o(.ARM.Collect$$libinit$$00000019) for __rt_lib_init_lc_time_1
    libinit.o(.ARM.Collect$$libinit$$00000000) refers (Special) to libinit2.o(.ARM.Collect$$libinit$$00000004) for __rt_lib_init_preinit_1
    libinit.o(.ARM.Collect$$libinit$$00000000) refers (Special) to libinit2.o(.ARM.Collect$$libinit$$0000000E) for __rt_lib_init_rand_1
    libinit.o(.ARM.Collect$$libinit$$00000000) refers (Special) to libinit2.o(.ARM.Collect$$libinit$$00000033) for __rt_lib_init_return
    libinit.o(.ARM.Collect$$libinit$$00000000) refers (Special) to libinit2.o(.ARM.Collect$$libinit$$0000001D) for __rt_lib_init_signal_1
    libinit.o(.ARM.Collect$$libinit$$00000000) refers (Special) to libinit2.o(.ARM.Collect$$libinit$$00000025) for __rt_lib_init_stdio_1
    libinit.o(.ARM.Collect$$libinit$$00000000) refers (Special) to libinit2.o(.ARM.Collect$$libinit$$0000000C) for __rt_lib_init_user_alloc_1
    libspace.o(.text) refers to libspace.o(.bss) for __libspace_start
    rtexit.o(.ARM.Collect$$rtexit$$00000000) refers (Special) to rtexit2.o(.ARM.Collect$$rtexit$$00000004) for __rt_exit_exit
    rtexit.o(.ARM.Collect$$rtexit$$00000000) refers (Special) to rtexit2.o(.ARM.Collect$$rtexit$$00000003) for __rt_exit_ls
    rtexit.o(.ARM.Collect$$rtexit$$00000000) refers (Special) to rtexit2.o(.ARM.Collect$$rtexit$$00000002) for __rt_exit_prels_1
    rtexit.o(.ARM.exidx) refers (Special) to rtexit2.o(.ARM.Collect$$rtexit$$00000004) for __rt_exit_exit
    rtexit.o(.ARM.exidx) refers (Special) to rtexit2.o(.ARM.Collect$$rtexit$$00000003) for __rt_exit_ls
    rtexit.o(.ARM.exidx) refers (Special) to rtexit2.o(.ARM.Collect$$rtexit$$00000002) for __rt_exit_prels_1
    rtexit.o(.ARM.exidx) refers to rtexit.o(.ARM.Collect$$rtexit$$00000000) for .ARM.Collect$$rtexit$$00000000
    rt_raise.o(.text) refers to __raise.o(.text) for __raise
    rt_raise.o(.text) refers to sys_exit.o(.text) for _sys_exit
    defsig_exit.o(.text) refers to sys_exit.o(.text) for _sys_exit
    defsig_fpe_inner.o(.text) refers to defsig_general.o(.text) for __default_signal_display
    libinit2.o(.ARM.Collect$$libinit$$00000010) refers to libinit2.o(.ARM.Collect$$libinit$$0000000F) for .ARM.Collect$$libinit$$0000000F
    libinit2.o(.ARM.Collect$$libinit$$00000012) refers to libinit2.o(.ARM.Collect$$libinit$$0000000F) for .ARM.Collect$$libinit$$0000000F
    libinit2.o(.ARM.Collect$$libinit$$00000014) refers to libinit2.o(.ARM.Collect$$libinit$$0000000F) for .ARM.Collect$$libinit$$0000000F
    libinit2.o(.ARM.Collect$$libinit$$00000016) refers to libinit2.o(.ARM.Collect$$libinit$$0000000F) for .ARM.Collect$$libinit$$0000000F
    libinit2.o(.ARM.Collect$$libinit$$00000018) refers to libinit2.o(.ARM.Collect$$libinit$$0000000F) for .ARM.Collect$$libinit$$0000000F
    libinit2.o(.ARM.Collect$$libinit$$00000026) refers to argv_veneer.o(.text) for __ARM_argv_veneer
    libinit2.o(.ARM.Collect$$libinit$$00000027) refers to argv_veneer.o(.text) for __ARM_argv_veneer
    sys_exit.o(.text) refers (Special) to use_no_semi.o(.text) for __I$use$semihosting
    sys_exit.o(.text) refers (Special) to indicate_semi.o(.text) for __semihosting_library_function
    rtexit2.o(.ARM.Collect$$rtexit$$00000003) refers to libshutdown.o(.ARM.Collect$$libshutdown$$00000000) for __rt_lib_shutdown
    rtexit2.o(.ARM.Collect$$rtexit$$00000004) refers to sys_exit.o(.text) for _sys_exit
    rtexit2.o(.ARM.exidx) refers to rtexit2.o(.ARM.Collect$$rtexit$$00000001) for .ARM.Collect$$rtexit$$00000001
    rtexit2.o(.ARM.exidx) refers to rtexit2.o(.ARM.Collect$$rtexit$$00000003) for .ARM.Collect$$rtexit$$00000003
    rtexit2.o(.ARM.exidx) refers to rtexit2.o(.ARM.Collect$$rtexit$$00000004) for .ARM.Collect$$rtexit$$00000004
    __raise.o(.text) refers to defsig.o(CL$$defsig) for __default_signal_handler
    defsig_general.o(.text) refers to sys_wrch.o(.text) for _ttywrch
    sys_wrch.o(.text) refers (Special) to use_no_semi.o(.text) for __I$use$semihosting
    sys_wrch.o(.text) refers (Special) to indicate_semi.o(.text) for __semihosting_library_function
    defsig.o(CL$$defsig) refers to defsig_fpe_inner.o(.text) for __rt_SIGFPE_inner
    defsig.o(CL$$defsig) refers to defsig_rtmem_inner.o(.text) for __rt_SIGRTMEM_inner
    _get_argv_nomalloc.o(.text) refers (Special) to hrguard.o(.text) for __heap_region$guard
    _get_argv_nomalloc.o(.text) refers to defsig_rtmem_outer.o(.text) for __rt_SIGRTMEM
    _get_argv_nomalloc.o(.text) refers to sys_command.o(.text) for _sys_command_string
    libshutdown.o(.ARM.Collect$$libshutdown$$00000000) refers (Special) to libshutdown2.o(.ARM.Collect$$libshutdown$$00000004) for __rt_lib_shutdown_cpp_1
    libshutdown.o(.ARM.Collect$$libshutdown$$00000000) refers (Special) to libshutdown2.o(.ARM.Collect$$libshutdown$$00000002) for __rt_lib_shutdown_fini_1
    libshutdown.o(.ARM.Collect$$libshutdown$$00000000) refers (Special) to libshutdown2.o(.ARM.Collect$$libshutdown$$00000009) for __rt_lib_shutdown_fp_trap_1
    libshutdown.o(.ARM.Collect$$libshutdown$$00000000) refers (Special) to libshutdown2.o(.ARM.Collect$$libshutdown$$00000011) for __rt_lib_shutdown_heap_1
    libshutdown.o(.ARM.Collect$$libshutdown$$00000000) refers (Special) to libshutdown2.o(.ARM.Collect$$libshutdown$$00000012) for __rt_lib_shutdown_return
    libshutdown.o(.ARM.Collect$$libshutdown$$00000000) refers (Special) to libshutdown2.o(.ARM.Collect$$libshutdown$$0000000C) for __rt_lib_shutdown_signal_1
    libshutdown.o(.ARM.Collect$$libshutdown$$00000000) refers (Special) to libshutdown2.o(.ARM.Collect$$libshutdown$$00000006) for __rt_lib_shutdown_stdio_1
    libshutdown.o(.ARM.Collect$$libshutdown$$00000000) refers (Special) to libshutdown2.o(.ARM.Collect$$libshutdown$$0000000E) for __rt_lib_shutdown_user_alloc_1
    sys_command.o(.text) refers (Special) to use_no_semi.o(.text) for __I$use$semihosting
    sys_command.o(.text) refers (Special) to indicate_semi.o(.text) for __semihosting_library_function
    defsig_abrt_inner.o(.text) refers to defsig_general.o(.text) for __default_signal_display
    defsig_rtred_inner.o(.text) refers to defsig_general.o(.text) for __default_signal_display
    defsig_rtmem_inner.o(.text) refers to defsig_general.o(.text) for __default_signal_display
    defsig_rtmem_outer.o(.text) refers to defsig_rtmem_inner.o(.text) for __rt_SIGRTMEM_inner
    defsig_rtmem_outer.o(.text) refers to defsig_exit.o(.text) for __sig_exit
    defsig_rtmem_formal.o(.text) refers to rt_raise.o(.text) for __rt_raise
    defsig_stak_inner.o(.text) refers to defsig_general.o(.text) for __default_signal_display
    defsig_pvfn_inner.o(.text) refers to defsig_general.o(.text) for __default_signal_display
    defsig_cppl_inner.o(.text) refers to defsig_general.o(.text) for __default_signal_display
    defsig_segv_inner.o(.text) refers to defsig_general.o(.text) for __default_signal_display
    defsig_other.o(.text) refers to defsig_general.o(.text) for __default_signal_display
    periph_functions.o(.ARM.exidx) refers to periph_functions.o(i.__ARM_common_switch8) for i.__ARM_common_switch8


==============================================================================

Removing Unused input sections from the image.

    Removing source.o(.rev16_text), (4 bytes).
    Removing source.o(.revsh_text), (4 bytes).
    Removing source.o(.ARM.exidx), (8 bytes).
    Removing source.o(.ARM.exidx), (8 bytes).
    Removing source.o(.ARM.exidx), (8 bytes).
    Removing source.o(.ARM.exidx), (8 bytes).
    Removing source.o(.ARM.exidx), (8 bytes).
    Removing source.o(.ARM.exidx), (8 bytes).
    Removing source.o(.ARM.exidx), (8 bytes).
    Removing system_stm32f0xx.o(.rev16_text), (4 bytes).
    Removing system_stm32f0xx.o(.revsh_text), (4 bytes).
    Removing periph_functions.o(.rev16_text), (4 bytes).
    Removing periph_functions.o(.revsh_text), (4 bytes).
    Removing periph_functions.o(i._Z11GetExtiLinej), (200 bytes).
    Removing periph_functions.o(i._Z13EnableDmaIRQnP11DMA_TypeDefjh), (88 bytes).
    Removing periph_functions.o(i._Z13EnableTimIRQnP11TIM_TypeDefh), (136 bytes).
    Removing periph_functions.o(i._Z13RemapDmaUsartP13USART_TypeDefj), (72 bytes).
    Removing periph_functions.o(i._Z13SetExtiSourceP12GPIO_TypeDefj), (312 bytes).
    Removing periph_functions.o(i._Z14ClearDmaTCFlagP11DMA_TypeDefj), (76 bytes).
    Removing periph_functions.o(i._Z14DisableDmaIRQnP11DMA_TypeDefj), (64 bytes).
    Removing periph_functions.o(i._Z14EnableExtiIRQnjh), (198 bytes).
    Removing periph_functions.o(i._Z15DisableExtiIRQnj), (172 bytes).
    Removing periph_functions.o(i._Z17__NVIC_DisableIRQ9IRQn_Type), (56 bytes).
    Removing periph_functions.o(i._Z27LL_SYSCFG_SetRemapDMA_USARTj), (36 bytes).
    Removing periph_functions.o(i._Z8GetTimOCP11TIM_TypeDefj), (54 bytes).
    Removing periph_functions.o(.ARM.exidx), (8 bytes).
    Removing periph_functions.o(.ARM.exidx), (8 bytes).
    Removing periph_functions.o(.ARM.exidx), (8 bytes).
    Removing periph_functions.o(.ARM.exidx), (8 bytes).
    Removing periph_functions.o(.ARM.exidx), (8 bytes).
    Removing periph_functions.o(.ARM.exidx), (8 bytes).
    Removing periph_functions.o(.ARM.exidx), (8 bytes).
    Removing periph_functions.o(.ARM.exidx), (8 bytes).
    Removing periph_functions.o(.ARM.exidx), (8 bytes).
    Removing periph_functions.o(.ARM.exidx), (8 bytes).
    Removing periph_functions.o(.ARM.exidx), (8 bytes).
    Removing periph_functions.o(.ARM.exidx), (8 bytes).
    Removing periph_functions.o(.ARM.exidx), (8 bytes).
    Removing periph_functions.o(.ARM.exidx), (8 bytes).
    Removing periph_functions.o(.ARM.exidx), (8 bytes).
    Removing sbus_controller.o(.rev16_text), (4 bytes).
    Removing sbus_controller.o(.revsh_text), (4 bytes).
    Removing sbus_controller.o(.ARM.exidx), (8 bytes).
    Removing sbus_controller.o(.ARM.exidx), (8 bytes).
    Removing sbus_controller.o(.ARM.exidx), (8 bytes).
    Removing sbus_controller.o(.ARM.exidx), (8 bytes).
    Removing sbus_controller.o(.ARM.exidx), (8 bytes).
    Removing sbus_controller.o(.ARM.exidx), (8 bytes).
    Removing stm32f0xx_ll_adc.o(.rev16_text), (4 bytes).
    Removing stm32f0xx_ll_adc.o(.revsh_text), (4 bytes).
    Removing stm32f0xx_ll_adc.o(i.LL_ADC_CommonDeInit), (40 bytes).
    Removing stm32f0xx_ll_adc.o(i.LL_ADC_DeInit), (248 bytes).
    Removing stm32f0xx_ll_adc.o(i.LL_ADC_Init), (64 bytes).
    Removing stm32f0xx_ll_adc.o(i.LL_ADC_IsEnabled), (16 bytes).
    Removing stm32f0xx_ll_adc.o(i.LL_ADC_REG_Init), (60 bytes).
    Removing stm32f0xx_ll_adc.o(i.LL_ADC_REG_IsStopConversionOngoing), (12 bytes).
    Removing stm32f0xx_ll_adc.o(i.LL_ADC_REG_StructInit), (18 bytes).
    Removing stm32f0xx_ll_adc.o(i.LL_ADC_StructInit), (16 bytes).
    Removing stm32f0xx_ll_comp.o(.rev16_text), (4 bytes).
    Removing stm32f0xx_ll_comp.o(.revsh_text), (4 bytes).
    Removing stm32f0xx_ll_crc.o(.rev16_text), (4 bytes).
    Removing stm32f0xx_ll_crc.o(.revsh_text), (4 bytes).
    Removing stm32f0xx_ll_crc.o(i.LL_CRC_DeInit), (76 bytes).
    Removing stm32f0xx_ll_crs.o(.rev16_text), (4 bytes).
    Removing stm32f0xx_ll_crs.o(.revsh_text), (4 bytes).
    Removing stm32f0xx_ll_dac.o(.rev16_text), (4 bytes).
    Removing stm32f0xx_ll_dac.o(.revsh_text), (4 bytes).
    Removing stm32f0xx_ll_dma.o(.rev16_text), (4 bytes).
    Removing stm32f0xx_ll_dma.o(.revsh_text), (4 bytes).
    Removing stm32f0xx_ll_dma.o(i.LL_DMA_DeInit), (184 bytes).
    Removing stm32f0xx_ll_dma.o(i.LL_DMA_Init), (120 bytes).
    Removing stm32f0xx_ll_dma.o(i.LL_DMA_StructInit), (24 bytes).
    Removing stm32f0xx_ll_dma.o(.constdata), (5 bytes).
    Removing stm32f0xx_ll_exti.o(.rev16_text), (4 bytes).
    Removing stm32f0xx_ll_exti.o(.revsh_text), (4 bytes).
    Removing stm32f0xx_ll_exti.o(i.LL_EXTI_DeInit), (36 bytes).
    Removing stm32f0xx_ll_exti.o(i.LL_EXTI_DisableEvent_0_31), (16 bytes).
    Removing stm32f0xx_ll_exti.o(i.LL_EXTI_DisableIT_0_31), (16 bytes).
    Removing stm32f0xx_ll_exti.o(i.LL_EXTI_EnableEvent_0_31), (16 bytes).
    Removing stm32f0xx_ll_exti.o(i.LL_EXTI_EnableFallingTrig_0_31), (16 bytes).
    Removing stm32f0xx_ll_exti.o(i.LL_EXTI_EnableIT_0_31), (16 bytes).
    Removing stm32f0xx_ll_exti.o(i.LL_EXTI_EnableRisingTrig_0_31), (16 bytes).
    Removing stm32f0xx_ll_exti.o(i.LL_EXTI_Init), (188 bytes).
    Removing stm32f0xx_ll_exti.o(i.LL_EXTI_StructInit), (14 bytes).
    Removing stm32f0xx_ll_gpio.o(.rev16_text), (4 bytes).
    Removing stm32f0xx_ll_gpio.o(.revsh_text), (4 bytes).
    Removing stm32f0xx_ll_gpio.o(i.LL_AHB1_GRP1_ForceReset), (16 bytes).
    Removing stm32f0xx_ll_gpio.o(i.LL_AHB1_GRP1_ReleaseReset), (16 bytes).
    Removing stm32f0xx_ll_gpio.o(i.LL_GPIO_DeInit), (144 bytes).
    Removing stm32f0xx_ll_gpio.o(i.LL_GPIO_StructInit), (24 bytes).
    Removing stm32f0xx_ll_i2c.o(.rev16_text), (4 bytes).
    Removing stm32f0xx_ll_i2c.o(.revsh_text), (4 bytes).
    Removing stm32f0xx_ll_i2c.o(i.LL_I2C_DeInit), (56 bytes).
    Removing stm32f0xx_ll_i2c.o(i.LL_I2C_Init), (146 bytes).
    Removing stm32f0xx_ll_i2c.o(i.LL_I2C_StructInit), (24 bytes).
    Removing stm32f0xx_ll_pwr.o(.rev16_text), (4 bytes).
    Removing stm32f0xx_ll_pwr.o(.revsh_text), (4 bytes).
    Removing stm32f0xx_ll_pwr.o(i.LL_PWR_DeInit), (36 bytes).
    Removing stm32f0xx_ll_rcc.o(.rev16_text), (4 bytes).
    Removing stm32f0xx_ll_rcc.o(.revsh_text), (4 bytes).
    Removing stm32f0xx_ll_rcc.o(i.LL_RCC_DeInit), (244 bytes).
    Removing stm32f0xx_ll_rcc.o(i.LL_RCC_GetI2CClockFreq), (64 bytes).
    Removing stm32f0xx_ll_rcc.o(i.LL_RCC_GetSystemClocksFreq), (28 bytes).
    Removing stm32f0xx_ll_rtc.o(.rev16_text), (4 bytes).
    Removing stm32f0xx_ll_rtc.o(.revsh_text), (4 bytes).
    Removing stm32f0xx_ll_rtc.o(i.LL_RTC_ALMA_ConfigTime), (68 bytes).
    Removing stm32f0xx_ll_rtc.o(i.LL_RTC_ALMA_Init), (320 bytes).
    Removing stm32f0xx_ll_rtc.o(i.LL_RTC_ALMA_SetDay), (28 bytes).
    Removing stm32f0xx_ll_rtc.o(i.LL_RTC_ALMA_StructInit), (22 bytes).
    Removing stm32f0xx_ll_rtc.o(i.LL_RTC_DATE_Config), (72 bytes).
    Removing stm32f0xx_ll_rtc.o(i.LL_RTC_DATE_Init), (206 bytes).
    Removing stm32f0xx_ll_rtc.o(i.LL_RTC_DATE_StructInit), (14 bytes).
    Removing stm32f0xx_ll_rtc.o(i.LL_RTC_DeInit), (80 bytes).
    Removing stm32f0xx_ll_rtc.o(i.LL_RTC_DisableInitMode), (8 bytes).
    Removing stm32f0xx_ll_rtc.o(i.LL_RTC_DisableWriteProtection), (10 bytes).
    Removing stm32f0xx_ll_rtc.o(i.LL_RTC_EnableWriteProtection), (6 bytes).
    Removing stm32f0xx_ll_rtc.o(i.LL_RTC_EnterInitMode), (86 bytes).
    Removing stm32f0xx_ll_rtc.o(i.LL_RTC_ExitInitMode), (14 bytes).
    Removing stm32f0xx_ll_rtc.o(i.LL_RTC_GetHourFormat), (10 bytes).
    Removing stm32f0xx_ll_rtc.o(i.LL_RTC_Init), (88 bytes).
    Removing stm32f0xx_ll_rtc.o(i.LL_RTC_IsActiveFlag_INIT), (12 bytes).
    Removing stm32f0xx_ll_rtc.o(i.LL_RTC_IsActiveFlag_RS), (12 bytes).
    Removing stm32f0xx_ll_rtc.o(i.LL_RTC_IsShadowRegBypassEnabled), (12 bytes).
    Removing stm32f0xx_ll_rtc.o(i.LL_RTC_StructInit), (14 bytes).
    Removing stm32f0xx_ll_rtc.o(i.LL_RTC_TIME_Config), (68 bytes).
    Removing stm32f0xx_ll_rtc.o(i.LL_RTC_TIME_Init), (220 bytes).
    Removing stm32f0xx_ll_rtc.o(i.LL_RTC_TIME_StructInit), (12 bytes).
    Removing stm32f0xx_ll_rtc.o(i.LL_RTC_WaitForSynchro), (146 bytes).
    Removing stm32f0xx_ll_rtc.o(i.LL_SYSTICK_IsActiveCounterFlag), (20 bytes).
    Removing stm32f0xx_ll_spi.o(.rev16_text), (4 bytes).
    Removing stm32f0xx_ll_spi.o(.revsh_text), (4 bytes).
    Removing stm32f0xx_ll_spi.o(i.LL_SPI_DeInit), (52 bytes).
    Removing stm32f0xx_ll_spi.o(i.LL_SPI_Init), (136 bytes).
    Removing stm32f0xx_ll_spi.o(i.LL_SPI_StructInit), (32 bytes).
    Removing stm32f0xx_ll_tim.o(.rev16_text), (4 bytes).
    Removing stm32f0xx_ll_tim.o(.revsh_text), (4 bytes).
    Removing stm32f0xx_ll_tim.o(i.IC1Config), (54 bytes).
    Removing stm32f0xx_ll_tim.o(i.IC2Config), (58 bytes).
    Removing stm32f0xx_ll_tim.o(i.IC3Config), (62 bytes).
    Removing stm32f0xx_ll_tim.o(i.IC4Config), (64 bytes).
    Removing stm32f0xx_ll_tim.o(i.LL_APB1_GRP1_ForceReset), (16 bytes).
    Removing stm32f0xx_ll_tim.o(i.LL_APB1_GRP1_ReleaseReset), (16 bytes).
    Removing stm32f0xx_ll_tim.o(i.LL_APB1_GRP2_ForceReset), (16 bytes).
    Removing stm32f0xx_ll_tim.o(i.LL_APB1_GRP2_ReleaseReset), (16 bytes).
    Removing stm32f0xx_ll_tim.o(i.LL_TIM_BDTR_Init), (114 bytes).
    Removing stm32f0xx_ll_tim.o(i.LL_TIM_BDTR_StructInit), (18 bytes).
    Removing stm32f0xx_ll_tim.o(i.LL_TIM_DeInit), (140 bytes).
    Removing stm32f0xx_ll_tim.o(i.LL_TIM_ENCODER_Init), (110 bytes).
    Removing stm32f0xx_ll_tim.o(i.LL_TIM_ENCODER_StructInit), (36 bytes).
    Removing stm32f0xx_ll_tim.o(i.LL_TIM_HALLSENSOR_Init), (142 bytes).
    Removing stm32f0xx_ll_tim.o(i.LL_TIM_HALLSENSOR_StructInit), (12 bytes).
    Removing stm32f0xx_ll_tim.o(i.LL_TIM_IC_Init), (92 bytes).
    Removing stm32f0xx_ll_tim.o(i.LL_TIM_IC_StructInit), (18 bytes).
    Removing stm32f0xx_ll_tim.o(i.LL_TIM_Init), (152 bytes).
    Removing stm32f0xx_ll_tim.o(i.LL_TIM_OC_Init), (92 bytes).
    Removing stm32f0xx_ll_tim.o(i.LL_TIM_OC_SetCompareCH2), (4 bytes).
    Removing stm32f0xx_ll_tim.o(i.LL_TIM_OC_StructInit), (20 bytes).
    Removing stm32f0xx_ll_tim.o(i.LL_TIM_StructInit), (18 bytes).
    Removing stm32f0xx_ll_tim.o(i.OC1Config), (160 bytes).
    Removing stm32f0xx_ll_tim.o(i.OC2Config), (188 bytes).
    Removing stm32f0xx_ll_tim.o(i.OC3Config), (180 bytes).
    Removing stm32f0xx_ll_tim.o(i.OC4Config), (140 bytes).
    Removing stm32f0xx_ll_tim.o(.constdata), (35 bytes).
    Removing stm32f0xx_ll_usart.o(.rev16_text), (4 bytes).
    Removing stm32f0xx_ll_usart.o(.revsh_text), (4 bytes).
    Removing stm32f0xx_ll_usart.o(i.LL_USART_ClockInit), (76 bytes).
    Removing stm32f0xx_ll_usart.o(i.LL_USART_ClockStructInit), (12 bytes).
    Removing stm32f0xx_ll_usart.o(i.LL_USART_DeInit), (56 bytes).
    Removing stm32f0xx_ll_usart.o(i.LL_USART_StructInit), (26 bytes).
    Removing stm32f0xx_ll_utils.o(.rev16_text), (4 bytes).
    Removing stm32f0xx_ll_utils.o(.revsh_text), (4 bytes).
    Removing stm32f0xx_ll_utils.o(i.LL_Init1msTick), (40 bytes).
    Removing stm32f0xx_ll_utils.o(i.LL_PLL_ConfigSystemClock_HSE), (152 bytes).
    Removing stm32f0xx_ll_utils.o(i.LL_PLL_ConfigSystemClock_HSI), (100 bytes).
    Removing stm32f0xx_ll_utils.o(i.LL_RCC_HSE_IsReady), (20 bytes).
    Removing stm32f0xx_ll_utils.o(i.LL_RCC_HSI_IsReady), (16 bytes).
    Removing stm32f0xx_ll_utils.o(i.LL_RCC_PLL_ConfigDomain_SYS), (48 bytes).
    Removing stm32f0xx_ll_utils.o(i.LL_RCC_PLL_IsReady), (20 bytes).
    Removing stm32f0xx_ll_utils.o(i.LL_SetFlashLatency), (96 bytes).
    Removing stm32f0xx_ll_utils.o(i.LL_SetSystemCoreClock), (12 bytes).
    Removing stm32f0xx_ll_utils.o(i.LL_mDelay), (48 bytes).
    Removing stm32f0xx_ll_utils.o(i.UTILS_EnablePLLAndSwitchSystem), (204 bytes).
    Removing stm32f0xx_ll_utils.o(i.UTILS_GetPLLOutputFrequency), (38 bytes).
    Removing stm32f0xx_ll_utils.o(i.UTILS_PLL_IsBusy), (18 bytes).
    Removing periph_functions.o(i.__ARM_common_switch8), (28 bytes).
    Removing periph_functions.o(.ARM.exidx), (8 bytes).

186 unused section(s) (total 8622 bytes) removed from the image.

==============================================================================

Image Symbol Table

    Local Symbols

    Symbol Name                              Value     Ov Type        Size  Object(Section)

    ../clib/angel/boardlib.s                 0x00000000   Number         0  boardinit1.o ABSOLUTE
    ../clib/angel/boardlib.s                 0x00000000   Number         0  boardshut.o ABSOLUTE
    ../clib/angel/boardlib.s                 0x00000000   Number         0  boardinit2.o ABSOLUTE
    ../clib/angel/boardlib.s                 0x00000000   Number         0  boardinit3.o ABSOLUTE
    ../clib/angel/handlers.s                 0x00000000   Number         0  __scatter_zi.o ABSOLUTE
    ../clib/angel/handlers.s                 0x00000000   Number         0  __scatter_copy.o ABSOLUTE
    ../clib/angel/kernel.s                   0x00000000   Number         0  __rtentry4.o ABSOLUTE
    ../clib/angel/kernel.s                   0x00000000   Number         0  __rtentry.o ABSOLUTE
    ../clib/angel/kernel.s                   0x00000000   Number         0  __rtentry2.o ABSOLUTE
    ../clib/angel/kernel.s                   0x00000000   Number         0  rtexit.o ABSOLUTE
    ../clib/angel/kernel.s                   0x00000000   Number         0  rtexit2.o ABSOLUTE
    ../clib/angel/rt.s                       0x00000000   Number         0  aeabi_idiv0.o ABSOLUTE
    ../clib/angel/rt.s                       0x00000000   Number         0  rt_div0.o ABSOLUTE
    ../clib/angel/rt.s                       0x00000000   Number         0  aeabi_idiv0_sigfpe.o ABSOLUTE
    ../clib/angel/rt.s                       0x00000000   Number         0  rt_raise.o ABSOLUTE
    ../clib/angel/scatterp.s                 0x00000000   Number         0  __scatter.o ABSOLUTE
    ../clib/angel/startup.s                  0x00000000   Number         0  __main.o ABSOLUTE
    ../clib/angel/sys.s                      0x00000000   Number         0  libspace.o ABSOLUTE
    ../clib/angel/sys.s                      0x00000000   Number         0  sys_stackheap_outer.o ABSOLUTE
    ../clib/angel/sys.s                      0x00000000   Number         0  tempstk.o ABSOLUTE
    ../clib/angel/sys.s                      0x00000000   Number         0  indicate_semi.o ABSOLUTE
    ../clib/angel/sys.s                      0x00000000   Number         0  use_no_semi.o ABSOLUTE
    ../clib/angel/sysapp.c                   0x00000000   Number         0  sys_exit.o ABSOLUTE
    ../clib/angel/sysapp.c                   0x00000000   Number         0  sys_command.o ABSOLUTE
    ../clib/angel/sysapp.c                   0x00000000   Number         0  sys_wrch.o ABSOLUTE
    ../clib/armsys.c                         0x00000000   Number         0  no_argv.o ABSOLUTE
    ../clib/armsys.c                         0x00000000   Number         0  _get_argv_nomalloc.o ABSOLUTE
    ../clib/armsys.c                         0x00000000   Number         0  argv_veneer.o ABSOLUTE
    ../clib/division.s                       0x00000000   Number         0  aeabi_sdiv.o ABSOLUTE
    ../clib/division.s                       0x00000000   Number         0  aeabi_sdiv_div0.o ABSOLUTE
    ../clib/heapalloc.c                      0x00000000   Number         0  hrguard.o ABSOLUTE
    ../clib/heapaux.c                        0x00000000   Number         0  heapauxi.o ABSOLUTE
    ../clib/libinit.s                        0x00000000   Number         0  libinit.o ABSOLUTE
    ../clib/libinit.s                        0x00000000   Number         0  libshutdown2.o ABSOLUTE
    ../clib/libinit.s                        0x00000000   Number         0  libinit2.o ABSOLUTE
    ../clib/libinit.s                        0x00000000   Number         0  libshutdown.o ABSOLUTE
    ../clib/signal.c                         0x00000000   Number         0  defsig_segv_inner.o ABSOLUTE
    ../clib/signal.c                         0x00000000   Number         0  defsig_other.o ABSOLUTE
    ../clib/signal.c                         0x00000000   Number         0  defsig_cppl_inner.o ABSOLUTE
    ../clib/signal.c                         0x00000000   Number         0  defsig_pvfn_inner.o ABSOLUTE
    ../clib/signal.c                         0x00000000   Number         0  defsig_stak_inner.o ABSOLUTE
    ../clib/signal.c                         0x00000000   Number         0  defsig_rtmem_formal.o ABSOLUTE
    ../clib/signal.c                         0x00000000   Number         0  defsig_rtmem_outer.o ABSOLUTE
    ../clib/signal.c                         0x00000000   Number         0  defsig_rtmem_inner.o ABSOLUTE
    ../clib/signal.c                         0x00000000   Number         0  defsig_rtred_inner.o ABSOLUTE
    ../clib/signal.c                         0x00000000   Number         0  defsig_general.o ABSOLUTE
    ../clib/signal.c                         0x00000000   Number         0  __raise.o ABSOLUTE
    ../clib/signal.c                         0x00000000   Number         0  defsig_abrt_inner.o ABSOLUTE
    ../clib/signal.c                         0x00000000   Number         0  defsig_fpe_inner.o ABSOLUTE
    ../clib/signal.c                         0x00000000   Number         0  defsig_exit.o ABSOLUTE
    ../clib/signal.c                         0x00000000   Number         0  defsig_fpe_formal.o ABSOLUTE
    ../clib/signal.c                         0x00000000   Number         0  defsig_fpe_outer.o ABSOLUTE
    ../clib/signal.s                         0x00000000   Number         0  defsig.o ABSOLUTE
    ../clib/stdlib.c                         0x00000000   Number         0  exit.o ABSOLUTE
    ../fplib/cfplib/fpinit.c                 0x00000000   Number         0  fpinit.o ABSOLUTE
    Core\Drivers\CMSIS\Device\ST\STM32F0xx\Source\Templates\arm\startup_stm32f030x6.s 0x00000000   Number         0  startup_stm32f030x6.o ABSOLUTE
    Core\Drivers\CMSIS\Device\ST\STM32F0xx\Source\Templates\system_stm32f0xx.c 0x00000000   Number         0  system_stm32f0xx.o ABSOLUTE
    Core\Drivers\STM32F0xx_HAL_Driver\Src\stm32f0xx_ll_adc.c 0x00000000   Number         0  stm32f0xx_ll_adc.o ABSOLUTE
    Core\Drivers\STM32F0xx_HAL_Driver\Src\stm32f0xx_ll_comp.c 0x00000000   Number         0  stm32f0xx_ll_comp.o ABSOLUTE
    Core\Drivers\STM32F0xx_HAL_Driver\Src\stm32f0xx_ll_crc.c 0x00000000   Number         0  stm32f0xx_ll_crc.o ABSOLUTE
    Core\Drivers\STM32F0xx_HAL_Driver\Src\stm32f0xx_ll_crs.c 0x00000000   Number         0  stm32f0xx_ll_crs.o ABSOLUTE
    Core\Drivers\STM32F0xx_HAL_Driver\Src\stm32f0xx_ll_dac.c 0x00000000   Number         0  stm32f0xx_ll_dac.o ABSOLUTE
    Core\Drivers\STM32F0xx_HAL_Driver\Src\stm32f0xx_ll_dma.c 0x00000000   Number         0  stm32f0xx_ll_dma.o ABSOLUTE
    Core\Drivers\STM32F0xx_HAL_Driver\Src\stm32f0xx_ll_exti.c 0x00000000   Number         0  stm32f0xx_ll_exti.o ABSOLUTE
    Core\Drivers\STM32F0xx_HAL_Driver\Src\stm32f0xx_ll_gpio.c 0x00000000   Number         0  stm32f0xx_ll_gpio.o ABSOLUTE
    Core\Drivers\STM32F0xx_HAL_Driver\Src\stm32f0xx_ll_i2c.c 0x00000000   Number         0  stm32f0xx_ll_i2c.o ABSOLUTE
    Core\Drivers\STM32F0xx_HAL_Driver\Src\stm32f0xx_ll_pwr.c 0x00000000   Number         0  stm32f0xx_ll_pwr.o ABSOLUTE
    Core\Drivers\STM32F0xx_HAL_Driver\Src\stm32f0xx_ll_rcc.c 0x00000000   Number         0  stm32f0xx_ll_rcc.o ABSOLUTE
    Core\Drivers\STM32F0xx_HAL_Driver\Src\stm32f0xx_ll_rtc.c 0x00000000   Number         0  stm32f0xx_ll_rtc.o ABSOLUTE
    Core\Drivers\STM32F0xx_HAL_Driver\Src\stm32f0xx_ll_spi.c 0x00000000   Number         0  stm32f0xx_ll_spi.o ABSOLUTE
    Core\Drivers\STM32F0xx_HAL_Driver\Src\stm32f0xx_ll_tim.c 0x00000000   Number         0  stm32f0xx_ll_tim.o ABSOLUTE
    Core\Drivers\STM32F0xx_HAL_Driver\Src\stm32f0xx_ll_usart.c 0x00000000   Number         0  stm32f0xx_ll_usart.o ABSOLUTE
    Core\Drivers\STM32F0xx_HAL_Driver\Src\stm32f0xx_ll_usb.c 0x00000000   Number         0  stm32f0xx_ll_usb.o ABSOLUTE
    Core\Drivers\STM32F0xx_HAL_Driver\Src\stm32f0xx_ll_utils.c 0x00000000   Number         0  stm32f0xx_ll_utils.o ABSOLUTE
    Core\\Drivers\\CMSIS\\Device\\ST\\STM32F0xx\\Source\\Templates\\system_stm32f0xx.c 0x00000000   Number         0  system_stm32f0xx.o ABSOLUTE
    Core\\Drivers\\STM32F0xx_HAL_Driver\\Src\\stm32f0xx_ll_adc.c 0x00000000   Number         0  stm32f0xx_ll_adc.o ABSOLUTE
    Core\\Drivers\\STM32F0xx_HAL_Driver\\Src\\stm32f0xx_ll_comp.c 0x00000000   Number         0  stm32f0xx_ll_comp.o ABSOLUTE
    Core\\Drivers\\STM32F0xx_HAL_Driver\\Src\\stm32f0xx_ll_crc.c 0x00000000   Number         0  stm32f0xx_ll_crc.o ABSOLUTE
    Core\\Drivers\\STM32F0xx_HAL_Driver\\Src\\stm32f0xx_ll_crs.c 0x00000000   Number         0  stm32f0xx_ll_crs.o ABSOLUTE
    Core\\Drivers\\STM32F0xx_HAL_Driver\\Src\\stm32f0xx_ll_dac.c 0x00000000   Number         0  stm32f0xx_ll_dac.o ABSOLUTE
    Core\\Drivers\\STM32F0xx_HAL_Driver\\Src\\stm32f0xx_ll_dma.c 0x00000000   Number         0  stm32f0xx_ll_dma.o ABSOLUTE
    Core\\Drivers\\STM32F0xx_HAL_Driver\\Src\\stm32f0xx_ll_exti.c 0x00000000   Number         0  stm32f0xx_ll_exti.o ABSOLUTE
    Core\\Drivers\\STM32F0xx_HAL_Driver\\Src\\stm32f0xx_ll_gpio.c 0x00000000   Number         0  stm32f0xx_ll_gpio.o ABSOLUTE
    Core\\Drivers\\STM32F0xx_HAL_Driver\\Src\\stm32f0xx_ll_i2c.c 0x00000000   Number         0  stm32f0xx_ll_i2c.o ABSOLUTE
    Core\\Drivers\\STM32F0xx_HAL_Driver\\Src\\stm32f0xx_ll_pwr.c 0x00000000   Number         0  stm32f0xx_ll_pwr.o ABSOLUTE
    Core\\Drivers\\STM32F0xx_HAL_Driver\\Src\\stm32f0xx_ll_rcc.c 0x00000000   Number         0  stm32f0xx_ll_rcc.o ABSOLUTE
    Core\\Drivers\\STM32F0xx_HAL_Driver\\Src\\stm32f0xx_ll_rtc.c 0x00000000   Number         0  stm32f0xx_ll_rtc.o ABSOLUTE
    Core\\Drivers\\STM32F0xx_HAL_Driver\\Src\\stm32f0xx_ll_spi.c 0x00000000   Number         0  stm32f0xx_ll_spi.o ABSOLUTE
    Core\\Drivers\\STM32F0xx_HAL_Driver\\Src\\stm32f0xx_ll_tim.c 0x00000000   Number         0  stm32f0xx_ll_tim.o ABSOLUTE
    Core\\Drivers\\STM32F0xx_HAL_Driver\\Src\\stm32f0xx_ll_usart.c 0x00000000   Number         0  stm32f0xx_ll_usart.o ABSOLUTE
    Core\\Drivers\\STM32F0xx_HAL_Driver\\Src\\stm32f0xx_ll_utils.c 0x00000000   Number         0  stm32f0xx_ll_utils.o ABSOLUTE
    Hardware Libraries\\sbus_controller.cpp  0x00000000   Number         0  sbus_controller.o ABSOLUTE
    Hardware Libraries\sbus_controller.cpp   0x00000000   Number         0  sbus_controller.o ABSOLUTE
    STM32_Libs\F0\Help Functions\periph_functions.cpp 0x00000000   Number         0  periph_functions.o ABSOLUTE
    STM32_Libs\\F0\\Help Functions\\periph_functions.cpp 0x00000000   Number         0  periph_functions.o ABSOLUTE
    Source.cpp                               0x00000000   Number         0  source.o ABSOLUTE
    Source.cpp                               0x00000000   Number         0  source.o ABSOLUTE
    Support Libraries\peripherals.cpp        0x00000000   Number         0  peripherals.o ABSOLUTE
    dc.s                                     0x00000000   Number         0  dc.o ABSOLUTE
    RESET                                    0x08000000   Section      176  startup_stm32f030x6.o(RESET)
    !!!main                                  0x080000b0   Section        8  __main.o(!!!main)
    !!!scatter                               0x080000b8   Section       60  __scatter.o(!!!scatter)
    !!handler_copy                           0x080000f4   Section       26  __scatter_copy.o(!!handler_copy)
    !!handler_zi                             0x08000110   Section       28  __scatter_zi.o(!!handler_zi)
    .ARM.Collect$$libinit$$00000000          0x0800012c   Section        2  libinit.o(.ARM.Collect$$libinit$$00000000)
    .ARM.Collect$$libinit$$00000002          0x0800012e   Section        0  libinit2.o(.ARM.Collect$$libinit$$00000002)
    .ARM.Collect$$libinit$$00000004          0x0800012e   Section        0  libinit2.o(.ARM.Collect$$libinit$$00000004)
    .ARM.Collect$$libinit$$0000000A          0x0800012e   Section        0  libinit2.o(.ARM.Collect$$libinit$$0000000A)
    .ARM.Collect$$libinit$$0000000C          0x0800012e   Section        0  libinit2.o(.ARM.Collect$$libinit$$0000000C)
    .ARM.Collect$$libinit$$0000000E          0x0800012e   Section        0  libinit2.o(.ARM.Collect$$libinit$$0000000E)
    .ARM.Collect$$libinit$$00000011          0x0800012e   Section        0  libinit2.o(.ARM.Collect$$libinit$$00000011)
    .ARM.Collect$$libinit$$00000013          0x0800012e   Section        0  libinit2.o(.ARM.Collect$$libinit$$00000013)
    .ARM.Collect$$libinit$$00000015          0x0800012e   Section        0  libinit2.o(.ARM.Collect$$libinit$$00000015)
    .ARM.Collect$$libinit$$00000017          0x0800012e   Section        0  libinit2.o(.ARM.Collect$$libinit$$00000017)
    .ARM.Collect$$libinit$$00000019          0x0800012e   Section        0  libinit2.o(.ARM.Collect$$libinit$$00000019)
    .ARM.Collect$$libinit$$0000001B          0x0800012e   Section        0  libinit2.o(.ARM.Collect$$libinit$$0000001B)
    .ARM.Collect$$libinit$$0000001D          0x0800012e   Section        0  libinit2.o(.ARM.Collect$$libinit$$0000001D)
    .ARM.Collect$$libinit$$0000001F          0x0800012e   Section        0  libinit2.o(.ARM.Collect$$libinit$$0000001F)
    .ARM.Collect$$libinit$$00000021          0x0800012e   Section        0  libinit2.o(.ARM.Collect$$libinit$$00000021)
    .ARM.Collect$$libinit$$00000023          0x0800012e   Section        0  libinit2.o(.ARM.Collect$$libinit$$00000023)
    .ARM.Collect$$libinit$$00000025          0x0800012e   Section        0  libinit2.o(.ARM.Collect$$libinit$$00000025)
    .ARM.Collect$$libinit$$0000002C          0x0800012e   Section        0  libinit2.o(.ARM.Collect$$libinit$$0000002C)
    .ARM.Collect$$libinit$$0000002E          0x0800012e   Section        0  libinit2.o(.ARM.Collect$$libinit$$0000002E)
    .ARM.Collect$$libinit$$00000030          0x0800012e   Section        0  libinit2.o(.ARM.Collect$$libinit$$00000030)
    .ARM.Collect$$libinit$$00000032          0x0800012e   Section        0  libinit2.o(.ARM.Collect$$libinit$$00000032)
    .ARM.Collect$$libinit$$00000033          0x0800012e   Section        2  libinit2.o(.ARM.Collect$$libinit$$00000033)
    .ARM.Collect$$libshutdown$$00000000      0x08000130   Section        2  libshutdown.o(.ARM.Collect$$libshutdown$$00000000)
    .ARM.Collect$$libshutdown$$00000002      0x08000132   Section        0  libshutdown2.o(.ARM.Collect$$libshutdown$$00000002)
    .ARM.Collect$$libshutdown$$00000004      0x08000132   Section        0  libshutdown2.o(.ARM.Collect$$libshutdown$$00000004)
    .ARM.Collect$$libshutdown$$00000006      0x08000132   Section        0  libshutdown2.o(.ARM.Collect$$libshutdown$$00000006)
    .ARM.Collect$$libshutdown$$00000009      0x08000132   Section        0  libshutdown2.o(.ARM.Collect$$libshutdown$$00000009)
    .ARM.Collect$$libshutdown$$0000000C      0x08000132   Section        0  libshutdown2.o(.ARM.Collect$$libshutdown$$0000000C)
    .ARM.Collect$$libshutdown$$0000000E      0x08000132   Section        0  libshutdown2.o(.ARM.Collect$$libshutdown$$0000000E)
    .ARM.Collect$$libshutdown$$00000011      0x08000132   Section        0  libshutdown2.o(.ARM.Collect$$libshutdown$$00000011)
    .ARM.Collect$$libshutdown$$00000012      0x08000132   Section        2  libshutdown2.o(.ARM.Collect$$libshutdown$$00000012)
    .ARM.Collect$$rtentry$$00000000          0x08000134   Section        0  __rtentry.o(.ARM.Collect$$rtentry$$00000000)
    .ARM.Collect$$rtentry$$00000002          0x08000134   Section        0  __rtentry2.o(.ARM.Collect$$rtentry$$00000002)
    .ARM.Collect$$rtentry$$00000004          0x08000134   Section        6  __rtentry4.o(.ARM.Collect$$rtentry$$00000004)
    .ARM.Collect$$rtentry$$00000009          0x0800013a   Section        0  __rtentry2.o(.ARM.Collect$$rtentry$$00000009)
    .ARM.Collect$$rtentry$$0000000A          0x0800013a   Section        4  __rtentry2.o(.ARM.Collect$$rtentry$$0000000A)
    .ARM.Collect$$rtentry$$0000000C          0x0800013e   Section        0  __rtentry2.o(.ARM.Collect$$rtentry$$0000000C)
    .ARM.Collect$$rtentry$$0000000D          0x0800013e   Section        8  __rtentry2.o(.ARM.Collect$$rtentry$$0000000D)
    .ARM.Collect$$rtexit$$00000000           0x08000146   Section        2  rtexit.o(.ARM.Collect$$rtexit$$00000000)
    .ARM.Collect$$rtexit$$00000002           0x08000148   Section        0  rtexit2.o(.ARM.Collect$$rtexit$$00000002)
    .ARM.Collect$$rtexit$$00000003           0x08000148   Section        4  rtexit2.o(.ARM.Collect$$rtexit$$00000003)
    .ARM.Collect$$rtexit$$00000004           0x0800014c   Section        6  rtexit2.o(.ARM.Collect$$rtexit$$00000004)
    .text                                    0x08000154   Section       56  startup_stm32f030x6.o(.text)
    .text                                    0x0800018c   Section      346  aeabi_sdiv.o(.text)
    .text                                    0x080002e6   Section        0  heapauxi.o(.text)
    .text                                    0x080002ec   Section       62  sys_stackheap_outer.o(.text)
    .text                                    0x0800032a   Section        0  exit.o(.text)
    .text                                    0x0800033c   Section        8  libspace.o(.text)
    .text                                    0x08000344   Section        0  sys_exit.o(.text)
    .text                                    0x08000350   Section        2  use_no_semi.o(.text)
    .text                                    0x08000352   Section        0  indicate_semi.o(.text)
    i.LL_GPIO_Init                           0x08000352   Section        0  stm32f0xx_ll_gpio.o(i.LL_GPIO_Init)
    i.LL_RCC_GetSysClkSource                 0x08000440   Section        0  stm32f0xx_ll_rcc.o(i.LL_RCC_GetSysClkSource)
    LL_RCC_GetSysClkSource                   0x08000441   Thumb Code    10  stm32f0xx_ll_rcc.o(i.LL_RCC_GetSysClkSource)
    i.LL_RCC_GetUSARTClockFreq               0x08000450   Section        0  stm32f0xx_ll_rcc.o(i.LL_RCC_GetUSARTClockFreq)
    i.LL_RCC_HSI_IsReady                     0x080004c8   Section        0  stm32f0xx_ll_rcc.o(i.LL_RCC_HSI_IsReady)
    LL_RCC_HSI_IsReady                       0x080004c9   Thumb Code    12  stm32f0xx_ll_rcc.o(i.LL_RCC_HSI_IsReady)
    i.LL_USART_Init                          0x080004d8   Section        0  stm32f0xx_ll_usart.o(i.LL_USART_Init)
    i.LL_USART_IsEnabled                     0x080005a8   Section        0  stm32f0xx_ll_usart.o(i.LL_USART_IsEnabled)
    LL_USART_IsEnabled                       0x080005a9   Thumb Code    16  stm32f0xx_ll_usart.o(i.LL_USART_IsEnabled)
    i.RCC_GetHCLKClockFreq                   0x080005b8   Section        0  stm32f0xx_ll_rcc.o(i.RCC_GetHCLKClockFreq)
    i.RCC_GetPCLK1ClockFreq                  0x080005dc   Section        0  stm32f0xx_ll_rcc.o(i.RCC_GetPCLK1ClockFreq)
    i.RCC_GetSystemClockFreq                 0x08000600   Section        0  stm32f0xx_ll_rcc.o(i.RCC_GetSystemClockFreq)
    i.RCC_PLL_GetFreqDomain_SYS              0x08000634   Section        0  stm32f0xx_ll_rcc.o(i.RCC_PLL_GetFreqDomain_SYS)
    i.SystemCoreClockUpdate                  0x08000698   Section        0  system_stm32f0xx.o(i.SystemCoreClockUpdate)
    i.SystemInit                             0x08000748   Section        0  system_stm32f0xx.o(i.SystemInit)
    i.USART1_IRQHandler                      0x0800074c   Section        0  source.o(i.USART1_IRQHandler)
    i._Z10InitPeriphv                        0x0800079c   Section        0  source.o(i._Z10InitPeriphv)
    i._Z13__set_PRIMASKj                     0x080007d0   Section        0  sbus_controller.o(i._Z13__set_PRIMASKj)
    __set_PRIMASK(unsigned)                  0x080007d1   Thumb Code     6  sbus_controller.o(i._Z13__set_PRIMASKj)
    i._Z15EnableUsartIrqnP13USART_TypeDefh   0x080007d8   Section        0  periph_functions.o(i._Z15EnableUsartIrqnP13USART_TypeDefh)
    i._Z16__NVIC_EnableIRQ9IRQn_Type         0x080007f8   Section        0  periph_functions.o(i._Z16__NVIC_EnableIRQ9IRQn_Type)
    __NVIC_EnableIRQ(IRQn_Type)              0x080007f9   Thumb Code    18  periph_functions.o(i._Z16__NVIC_EnableIRQ9IRQn_Type)
    i._Z18__NVIC_SetPriority9IRQn_Typej      0x08000810   Section        0  periph_functions.o(i._Z18__NVIC_SetPriority9IRQn_Typej)
    __NVIC_SetPriority(IRQn_Type, unsigned)  0x08000811   Thumb Code   110  periph_functions.o(i._Z18__NVIC_SetPriority9IRQn_Typej)
    i._Z22LL_RCC_GetSysClkSourcev            0x08000888   Section        0  source.o(i._Z22LL_RCC_GetSysClkSourcev)
    LL_RCC_GetSysClkSource()                 0x08000889   Thumb Code    10  source.o(i._Z22LL_RCC_GetSysClkSourcev)
    i._Z22LL_RCC_SetSysClkSourcej            0x08000898   Section        0  source.o(i._Z22LL_RCC_SetSysClkSourcej)
    LL_RCC_SetSysClkSource(unsigned)         0x08000899   Thumb Code    16  source.o(i._Z22LL_RCC_SetSysClkSourcej)
    i._Z7InitRCCv                            0x080008ac   Section        0  source.o(i._Z7InitRCCv)
    i._Z8InitSBUSv                           0x08000968   Section        0  source.o(i._Z8InitSBUSv)
    i._ZN14SbusController4InitE26SbusController_InitTypeDef 0x08000998   Section        0  sbus_controller.o(i._ZN14SbusController4InitE26SbusController_InitTypeDef)
    i._ZN14SbusController5ParseEv            0x080009c2   Section        0  sbus_controller.o(i._ZN14SbusController5ParseEv)
    i._ZN14SbusController7AddByteEh          0x08000b44   Section        0  sbus_controller.o(i._ZN14SbusController7AddByteEh)
    i._ZN14SbusController8InitGPIOEv         0x08000b68   Section        0  sbus_controller.o(i._ZN14SbusController8InitGPIOEv)
    i._ZN14SbusController9InitUSARTEv        0x08000b94   Section        0  sbus_controller.o(i._ZN14SbusController9InitUSARTEv)
    i.main                                   0x08000c38   Section        0  source.o(i.main)
    .constdata                               0x08000c4a   Section       24  system_stm32f0xx.o(.constdata)
    .data                                    0x20000000   Section        4  system_stm32f0xx.o(.data)
    .bss                                     0x20000004   Section       76  source.o(.bss)
    .bss                                     0x20000050   Section       96  libspace.o(.bss)
    HEAP                                     0x200000b0   Section      512  startup_stm32f030x6.o(HEAP)
    Heap_Mem                                 0x200000b0   Data         512  startup_stm32f030x6.o(HEAP)
    STACK                                    0x200002b0   Section     1024  startup_stm32f030x6.o(STACK)
    Stack_Mem                                0x200002b0   Data        1024  startup_stm32f030x6.o(STACK)
    __initial_sp                             0x200006b0   Data           0  startup_stm32f030x6.o(STACK)

    Global Symbols

    Symbol Name                              Value     Ov Type        Size  Object(Section)

    BuildAttributes$$THM_ISAv3M$S$PE$A:L22$X:L11$S22$IEEE1$IW$USESV6$~STKCKD$USESV7$~SHL$OSPACE$ROPI$EBA8$UX$STANDARDLIB$REQ8$PRES8$EABIv2 0x00000000   Number         0  anon$$obj.o ABSOLUTE
    __ARM_use_no_argv                        0x00000000   Number         0  source.o ABSOLUTE
    __ARM_exceptions_init                     - Undefined Weak Reference
    __alloca_initialize                       - Undefined Weak Reference
    __arm_fini_                               - Undefined Weak Reference
    __arm_preinit_                            - Undefined Weak Reference
    __cpp_initialize__aeabi_                  - Undefined Weak Reference
    __cxa_finalize                            - Undefined Weak Reference
    __rt_locale                               - Undefined Weak Reference
    __sigvec_lookup                           - Undefined Weak Reference
    _atexit_init                              - Undefined Weak Reference
    _call_atexit_fns                          - Undefined Weak Reference
    _clock_init                               - Undefined Weak Reference
    _fp_trap_init                             - Undefined Weak Reference
    _fp_trap_shutdown                         - Undefined Weak Reference
    _get_lc_collate                           - Undefined Weak Reference
    _get_lc_ctype                             - Undefined Weak Reference
    _get_lc_monetary                          - Undefined Weak Reference
    _get_lc_numeric                           - Undefined Weak Reference
    _get_lc_time                              - Undefined Weak Reference
    _getenv_init                              - Undefined Weak Reference
    _handle_redirection                       - Undefined Weak Reference
    _init_alloc                               - Undefined Weak Reference
    _init_user_alloc                          - Undefined Weak Reference
    _initio                                   - Undefined Weak Reference
    _rand_init                                - Undefined Weak Reference
    _signal_finish                            - Undefined Weak Reference
    _signal_init                              - Undefined Weak Reference
    _terminate_alloc                          - Undefined Weak Reference
    _terminate_user_alloc                     - Undefined Weak Reference
    _terminateio                              - Undefined Weak Reference
    __Vectors_Size                           0x000000b0   Number         0  startup_stm32f030x6.o ABSOLUTE
    __Vectors                                0x08000000   Data           4  startup_stm32f030x6.o(RESET)
    __Vectors_End                            0x080000b0   Data           0  startup_stm32f030x6.o(RESET)
    __main                                   0x080000b1   Thumb Code     8  __main.o(!!!main)
    __scatterload                            0x080000b9   Thumb Code     0  __scatter.o(!!!scatter)
    __scatterload_rt2                        0x080000b9   Thumb Code    52  __scatter.o(!!!scatter)
    __scatterload_rt2_thumb_only             0x080000b9   Thumb Code     0  __scatter.o(!!!scatter)
    __scatterload_null                       0x080000c9   Thumb Code     0  __scatter.o(!!!scatter)
    __scatterload_copy                       0x080000f5   Thumb Code    26  __scatter_copy.o(!!handler_copy)
    __scatterload_zeroinit                   0x08000111   Thumb Code    28  __scatter_zi.o(!!handler_zi)
    __rt_lib_init                            0x0800012d   Thumb Code     0  libinit.o(.ARM.Collect$$libinit$$00000000)
    __rt_lib_init_alloca_1                   0x0800012f   Thumb Code     0  libinit2.o(.ARM.Collect$$libinit$$0000002E)
    __rt_lib_init_argv_1                     0x0800012f   Thumb Code     0  libinit2.o(.ARM.Collect$$libinit$$0000002C)
    __rt_lib_init_atexit_1                   0x0800012f   Thumb Code     0  libinit2.o(.ARM.Collect$$libinit$$0000001B)
    __rt_lib_init_clock_1                    0x0800012f   Thumb Code     0  libinit2.o(.ARM.Collect$$libinit$$00000021)
    __rt_lib_init_cpp_1                      0x0800012f   Thumb Code     0  libinit2.o(.ARM.Collect$$libinit$$00000032)
    __rt_lib_init_exceptions_1               0x0800012f   Thumb Code     0  libinit2.o(.ARM.Collect$$libinit$$00000030)
    __rt_lib_init_fp_1                       0x0800012f   Thumb Code     0  libinit2.o(.ARM.Collect$$libinit$$00000002)
    __rt_lib_init_fp_trap_1                  0x0800012f   Thumb Code     0  libinit2.o(.ARM.Collect$$libinit$$0000001F)
    __rt_lib_init_getenv_1                   0x0800012f   Thumb Code     0  libinit2.o(.ARM.Collect$$libinit$$00000023)
    __rt_lib_init_heap_1                     0x0800012f   Thumb Code     0  libinit2.o(.ARM.Collect$$libinit$$0000000A)
    __rt_lib_init_lc_collate_1               0x0800012f   Thumb Code     0  libinit2.o(.ARM.Collect$$libinit$$00000011)
    __rt_lib_init_lc_ctype_1                 0x0800012f   Thumb Code     0  libinit2.o(.ARM.Collect$$libinit$$00000013)
    __rt_lib_init_lc_monetary_1              0x0800012f   Thumb Code     0  libinit2.o(.ARM.Collect$$libinit$$00000015)
    __rt_lib_init_lc_numeric_1               0x0800012f   Thumb Code     0  libinit2.o(.ARM.Collect$$libinit$$00000017)
    __rt_lib_init_lc_time_1                  0x0800012f   Thumb Code     0  libinit2.o(.ARM.Collect$$libinit$$00000019)
    __rt_lib_init_preinit_1                  0x0800012f   Thumb Code     0  libinit2.o(.ARM.Collect$$libinit$$00000004)
    __rt_lib_init_rand_1                     0x0800012f   Thumb Code     0  libinit2.o(.ARM.Collect$$libinit$$0000000E)
    __rt_lib_init_return                     0x0800012f   Thumb Code     0  libinit2.o(.ARM.Collect$$libinit$$00000033)
    __rt_lib_init_signal_1                   0x0800012f   Thumb Code     0  libinit2.o(.ARM.Collect$$libinit$$0000001D)
    __rt_lib_init_stdio_1                    0x0800012f   Thumb Code     0  libinit2.o(.ARM.Collect$$libinit$$00000025)
    __rt_lib_init_user_alloc_1               0x0800012f   Thumb Code     0  libinit2.o(.ARM.Collect$$libinit$$0000000C)
    __rt_lib_shutdown                        0x08000131   Thumb Code     0  libshutdown.o(.ARM.Collect$$libshutdown$$00000000)
    __rt_lib_shutdown_cpp_1                  0x08000133   Thumb Code     0  libshutdown2.o(.ARM.Collect$$libshutdown$$00000004)
    __rt_lib_shutdown_fini_1                 0x08000133   Thumb Code     0  libshutdown2.o(.ARM.Collect$$libshutdown$$00000002)
    __rt_lib_shutdown_fp_trap_1              0x08000133   Thumb Code     0  libshutdown2.o(.ARM.Collect$$libshutdown$$00000009)
    __rt_lib_shutdown_heap_1                 0x08000133   Thumb Code     0  libshutdown2.o(.ARM.Collect$$libshutdown$$00000011)
    __rt_lib_shutdown_return                 0x08000133   Thumb Code     0  libshutdown2.o(.ARM.Collect$$libshutdown$$00000012)
    __rt_lib_shutdown_signal_1               0x08000133   Thumb Code     0  libshutdown2.o(.ARM.Collect$$libshutdown$$0000000C)
    __rt_lib_shutdown_stdio_1                0x08000133   Thumb Code     0  libshutdown2.o(.ARM.Collect$$libshutdown$$00000006)
    __rt_lib_shutdown_user_alloc_1           0x08000133   Thumb Code     0  libshutdown2.o(.ARM.Collect$$libshutdown$$0000000E)
    __rt_entry                               0x08000135   Thumb Code     0  __rtentry.o(.ARM.Collect$$rtentry$$00000000)
    __rt_entry_presh_1                       0x08000135   Thumb Code     0  __rtentry2.o(.ARM.Collect$$rtentry$$00000002)
    __rt_entry_sh                            0x08000135   Thumb Code     0  __rtentry4.o(.ARM.Collect$$rtentry$$00000004)
    __rt_entry_li                            0x0800013b   Thumb Code     0  __rtentry2.o(.ARM.Collect$$rtentry$$0000000A)
    __rt_entry_postsh_1                      0x0800013b   Thumb Code     0  __rtentry2.o(.ARM.Collect$$rtentry$$00000009)
    __rt_entry_main                          0x0800013f   Thumb Code     0  __rtentry2.o(.ARM.Collect$$rtentry$$0000000D)
    __rt_entry_postli_1                      0x0800013f   Thumb Code     0  __rtentry2.o(.ARM.Collect$$rtentry$$0000000C)
    __rt_exit                                0x08000147   Thumb Code     0  rtexit.o(.ARM.Collect$$rtexit$$00000000)
    __rt_exit_ls                             0x08000149   Thumb Code     0  rtexit2.o(.ARM.Collect$$rtexit$$00000003)
    __rt_exit_prels_1                        0x08000149   Thumb Code     0  rtexit2.o(.ARM.Collect$$rtexit$$00000002)
    __rt_exit_exit                           0x0800014d   Thumb Code     0  rtexit2.o(.ARM.Collect$$rtexit$$00000004)
    Reset_Handler                            0x08000155   Thumb Code     8  startup_stm32f030x6.o(.text)
    NMI_Handler                              0x0800015d   Thumb Code     2  startup_stm32f030x6.o(.text)
    HardFault_Handler                        0x0800015f   Thumb Code     2  startup_stm32f030x6.o(.text)
    SVC_Handler                              0x08000161   Thumb Code     2  startup_stm32f030x6.o(.text)
    PendSV_Handler                           0x08000163   Thumb Code     2  startup_stm32f030x6.o(.text)
    SysTick_Handler                          0x08000165   Thumb Code     2  startup_stm32f030x6.o(.text)
    ADC1_IRQHandler                          0x08000167   Thumb Code     0  startup_stm32f030x6.o(.text)
    DMA1_Channel1_IRQHandler                 0x08000167   Thumb Code     0  startup_stm32f030x6.o(.text)
    DMA1_Channel2_3_IRQHandler               0x08000167   Thumb Code     0  startup_stm32f030x6.o(.text)
    DMA1_Channel4_5_IRQHandler               0x08000167   Thumb Code     0  startup_stm32f030x6.o(.text)
    EXTI0_1_IRQHandler                       0x08000167   Thumb Code     0  startup_stm32f030x6.o(.text)
    EXTI2_3_IRQHandler                       0x08000167   Thumb Code     0  startup_stm32f030x6.o(.text)
    EXTI4_15_IRQHandler                      0x08000167   Thumb Code     0  startup_stm32f030x6.o(.text)
    FLASH_IRQHandler                         0x08000167   Thumb Code     0  startup_stm32f030x6.o(.text)
    I2C1_IRQHandler                          0x08000167   Thumb Code     0  startup_stm32f030x6.o(.text)
    RCC_IRQHandler                           0x08000167   Thumb Code     0  startup_stm32f030x6.o(.text)
    RTC_IRQHandler                           0x08000167   Thumb Code     0  startup_stm32f030x6.o(.text)
    SPI1_IRQHandler                          0x08000167   Thumb Code     0  startup_stm32f030x6.o(.text)
    TIM14_IRQHandler                         0x08000167   Thumb Code     0  startup_stm32f030x6.o(.text)
    TIM16_IRQHandler                         0x08000167   Thumb Code     0  startup_stm32f030x6.o(.text)
    TIM17_IRQHandler                         0x08000167   Thumb Code     0  startup_stm32f030x6.o(.text)
    TIM1_BRK_UP_TRG_COM_IRQHandler           0x08000167   Thumb Code     0  startup_stm32f030x6.o(.text)
    TIM1_CC_IRQHandler                       0x08000167   Thumb Code     0  startup_stm32f030x6.o(.text)
    TIM3_IRQHandler                          0x08000167   Thumb Code     0  startup_stm32f030x6.o(.text)
    WWDG_IRQHandler                          0x08000167   Thumb Code     0  startup_stm32f030x6.o(.text)
    __user_initial_stackheap                 0x08000169   Thumb Code     0  startup_stm32f030x6.o(.text)
    __aeabi_uidiv                            0x0800018d   Thumb Code     0  aeabi_sdiv.o(.text)
    __aeabi_uidivmod                         0x0800018d   Thumb Code    20  aeabi_sdiv.o(.text)
    __aeabi_idiv                             0x080001a1   Thumb Code     0  aeabi_sdiv.o(.text)
    __aeabi_idivmod                          0x080001a1   Thumb Code   326  aeabi_sdiv.o(.text)
    __use_two_region_memory                  0x080002e7   Thumb Code     2  heapauxi.o(.text)
    __rt_heap_escrow$2region                 0x080002e9   Thumb Code     2  heapauxi.o(.text)
    __rt_heap_expand$2region                 0x080002eb   Thumb Code     2  heapauxi.o(.text)
    __user_setup_stackheap                   0x080002ed   Thumb Code    62  sys_stackheap_outer.o(.text)
    exit                                     0x0800032b   Thumb Code    16  exit.o(.text)
    __user_libspace                          0x0800033d   Thumb Code     8  libspace.o(.text)
    __user_perproc_libspace                  0x0800033d   Thumb Code     0  libspace.o(.text)
    __user_perthread_libspace                0x0800033d   Thumb Code     0  libspace.o(.text)
    _sys_exit                                0x08000345   Thumb Code     8  sys_exit.o(.text)
    __I$use$semihosting                      0x08000351   Thumb Code     0  use_no_semi.o(.text)
    __use_no_semihosting_swi                 0x08000351   Thumb Code     2  use_no_semi.o(.text)
    LL_GPIO_Init                             0x08000353   Thumb Code   236  stm32f0xx_ll_gpio.o(i.LL_GPIO_Init)
    __semihosting_library_function           0x08000353   Thumb Code     0  indicate_semi.o(.text)
    LL_RCC_GetUSARTClockFreq                 0x08000451   Thumb Code   112  stm32f0xx_ll_rcc.o(i.LL_RCC_GetUSARTClockFreq)
    LL_USART_Init                            0x080004d9   Thumb Code   194  stm32f0xx_ll_usart.o(i.LL_USART_Init)
    RCC_GetHCLKClockFreq                     0x080005b9   Thumb Code    26  stm32f0xx_ll_rcc.o(i.RCC_GetHCLKClockFreq)
    RCC_GetPCLK1ClockFreq                    0x080005dd   Thumb Code    26  stm32f0xx_ll_rcc.o(i.RCC_GetPCLK1ClockFreq)
    RCC_GetSystemClockFreq                   0x08000601   Thumb Code    48  stm32f0xx_ll_rcc.o(i.RCC_GetSystemClockFreq)
    RCC_PLL_GetFreqDomain_SYS                0x08000635   Thumb Code    86  stm32f0xx_ll_rcc.o(i.RCC_PLL_GetFreqDomain_SYS)
    SystemCoreClockUpdate                    0x08000699   Thumb Code   156  system_stm32f0xx.o(i.SystemCoreClockUpdate)
    SystemInit                               0x08000749   Thumb Code     2  system_stm32f0xx.o(i.SystemInit)
    USART1_IRQHandler                        0x0800074d   Thumb Code    70  source.o(i.USART1_IRQHandler)
    InitPeriph()                             0x0800079d   Thumb Code    48  source.o(i._Z10InitPeriphv)
    EnableUsartIrqn(USART_TypeDef*, unsigned char) 0x080007d9   Thumb Code    28  periph_functions.o(i._Z15EnableUsartIrqnP13USART_TypeDefh)
    InitRCC()                                0x080008ad   Thumb Code   178  source.o(i._Z7InitRCCv)
    InitSBUS()                               0x08000969   Thumb Code    40  source.o(i._Z8InitSBUSv)
    SbusController::Init(SbusController_InitTypeDef) 0x08000999   Thumb Code    42  sbus_controller.o(i._ZN14SbusController4InitE26SbusController_InitTypeDef)
    SbusController::Parse()                  0x080009c3   Thumb Code   386  sbus_controller.o(i._ZN14SbusController5ParseEv)
    SbusController::AddByte(unsigned char)   0x08000b45   Thumb Code    36  sbus_controller.o(i._ZN14SbusController7AddByteEh)
    SbusController::InitGPIO()               0x08000b69   Thumb Code    42  sbus_controller.o(i._ZN14SbusController8InitGPIOEv)
    SbusController::InitUSART()              0x08000b95   Thumb Code   158  sbus_controller.o(i._ZN14SbusController9InitUSARTEv)
    main                                     0x08000c39   Thumb Code    18  source.o(i.main)
    AHBPrescTable                            0x08000c4a   Data          16  system_stm32f0xx.o(.constdata)
    APBPrescTable                            0x08000c5a   Data           8  system_stm32f0xx.o(.constdata)
    Region$$Table$$Base                      0x08000c64   Number         0  anon$$obj.o(Region$$Table)
    Region$$Table$$Limit                     0x08000c84   Number         0  anon$$obj.o(Region$$Table)
    SystemCoreClock                          0x20000000   Data           4  system_stm32f0xx.o(.data)
    sbus                                     0x20000004   Data          76  source.o(.bss)
    __libspace_start                         0x20000050   Data          96  libspace.o(.bss)
    __temporary_stack_top$libspace           0x200000b0   Data           0  libspace.o(.bss)



==============================================================================

Memory Map of the image

  Image Entry point : 0x080000b1

  Load Region LR_IROM1 (Base: 0x08000000, Size: 0x00000c88, Max: 0x00004000, ABSOLUTE)

    Execution Region ER_IROM1 (Exec base: 0x08000000, Load base: 0x08000000, Size: 0x00000c84, Max: 0x00004000, ABSOLUTE)

    Exec Addr    Load Addr    Size         Type   Attr      Idx    E Section Name        Object

    0x08000000   0x08000000   0x000000b0   Data   RO          214    RESET               startup_stm32f030x6.o
    0x080000b0   0x080000b0   0x00000008   Code   RO         1378  * !!!main             c_p.l(__main.o)
    0x080000b8   0x080000b8   0x0000003c   Code   RO         1549    !!!scatter          c_p.l(__scatter.o)
    0x080000f4   0x080000f4   0x0000001a   Code   RO         1551    !!handler_copy      c_p.l(__scatter_copy.o)
    0x0800010e   0x0800010e   0x00000002   PAD
    0x08000110   0x08000110   0x0000001c   Code   RO         1553    !!handler_zi        c_p.l(__scatter_zi.o)
    0x0800012c   0x0800012c   0x00000002   Code   RO         1416    .ARM.Collect$$libinit$$00000000  c_p.l(libinit.o)
    0x0800012e   0x0800012e   0x00000000   Code   RO         1430    .ARM.Collect$$libinit$$00000002  c_p.l(libinit2.o)
    0x0800012e   0x0800012e   0x00000000   Code   RO         1432    .ARM.Collect$$libinit$$00000004  c_p.l(libinit2.o)
    0x0800012e   0x0800012e   0x00000000   Code   RO         1435    .ARM.Collect$$libinit$$0000000A  c_p.l(libinit2.o)
    0x0800012e   0x0800012e   0x00000000   Code   RO         1437    .ARM.Collect$$libinit$$0000000C  c_p.l(libinit2.o)
    0x0800012e   0x0800012e   0x00000000   Code   RO         1439    .ARM.Collect$$libinit$$0000000E  c_p.l(libinit2.o)
    0x0800012e   0x0800012e   0x00000000   Code   RO         1442    .ARM.Collect$$libinit$$00000011  c_p.l(libinit2.o)
    0x0800012e   0x0800012e   0x00000000   Code   RO         1444    .ARM.Collect$$libinit$$00000013  c_p.l(libinit2.o)
    0x0800012e   0x0800012e   0x00000000   Code   RO         1446    .ARM.Collect$$libinit$$00000015  c_p.l(libinit2.o)
    0x0800012e   0x0800012e   0x00000000   Code   RO         1448    .ARM.Collect$$libinit$$00000017  c_p.l(libinit2.o)
    0x0800012e   0x0800012e   0x00000000   Code   RO         1450    .ARM.Collect$$libinit$$00000019  c_p.l(libinit2.o)
    0x0800012e   0x0800012e   0x00000000   Code   RO         1452    .ARM.Collect$$libinit$$0000001B  c_p.l(libinit2.o)
    0x0800012e   0x0800012e   0x00000000   Code   RO         1454    .ARM.Collect$$libinit$$0000001D  c_p.l(libinit2.o)
    0x0800012e   0x0800012e   0x00000000   Code   RO         1456    .ARM.Collect$$libinit$$0000001F  c_p.l(libinit2.o)
    0x0800012e   0x0800012e   0x00000000   Code   RO         1458    .ARM.Collect$$libinit$$00000021  c_p.l(libinit2.o)
    0x0800012e   0x0800012e   0x00000000   Code   RO         1460    .ARM.Collect$$libinit$$00000023  c_p.l(libinit2.o)
    0x0800012e   0x0800012e   0x00000000   Code   RO         1462    .ARM.Collect$$libinit$$00000025  c_p.l(libinit2.o)
    0x0800012e   0x0800012e   0x00000000   Code   RO         1466    .ARM.Collect$$libinit$$0000002C  c_p.l(libinit2.o)
    0x0800012e   0x0800012e   0x00000000   Code   RO         1468    .ARM.Collect$$libinit$$0000002E  c_p.l(libinit2.o)
    0x0800012e   0x0800012e   0x00000000   Code   RO         1470    .ARM.Collect$$libinit$$00000030  c_p.l(libinit2.o)
    0x0800012e   0x0800012e   0x00000000   Code   RO         1472    .ARM.Collect$$libinit$$00000032  c_p.l(libinit2.o)
    0x0800012e   0x0800012e   0x00000002   Code   RO         1473    .ARM.Collect$$libinit$$00000033  c_p.l(libinit2.o)
    0x08000130   0x08000130   0x00000002   Code   RO         1504    .ARM.Collect$$libshutdown$$00000000  c_p.l(libshutdown.o)
    0x08000132   0x08000132   0x00000000   Code   RO         1530    .ARM.Collect$$libshutdown$$00000002  c_p.l(libshutdown2.o)
    0x08000132   0x08000132   0x00000000   Code   RO         1532    .ARM.Collect$$libshutdown$$00000004  c_p.l(libshutdown2.o)
    0x08000132   0x08000132   0x00000000   Code   RO         1534    .ARM.Collect$$libshutdown$$00000006  c_p.l(libshutdown2.o)
    0x08000132   0x08000132   0x00000000   Code   RO         1537    .ARM.Collect$$libshutdown$$00000009  c_p.l(libshutdown2.o)
    0x08000132   0x08000132   0x00000000   Code   RO         1540    .ARM.Collect$$libshutdown$$0000000C  c_p.l(libshutdown2.o)
    0x08000132   0x08000132   0x00000000   Code   RO         1542    .ARM.Collect$$libshutdown$$0000000E  c_p.l(libshutdown2.o)
    0x08000132   0x08000132   0x00000000   Code   RO         1545    .ARM.Collect$$libshutdown$$00000011  c_p.l(libshutdown2.o)
    0x08000132   0x08000132   0x00000002   Code   RO         1546    .ARM.Collect$$libshutdown$$00000012  c_p.l(libshutdown2.o)
    0x08000134   0x08000134   0x00000000   Code   RO         1380    .ARM.Collect$$rtentry$$00000000  c_p.l(__rtentry.o)
    0x08000134   0x08000134   0x00000000   Code   RO         1386    .ARM.Collect$$rtentry$$00000002  c_p.l(__rtentry2.o)
    0x08000134   0x08000134   0x00000006   Code   RO         1398    .ARM.Collect$$rtentry$$00000004  c_p.l(__rtentry4.o)
    0x0800013a   0x0800013a   0x00000000   Code   RO         1388    .ARM.Collect$$rtentry$$00000009  c_p.l(__rtentry2.o)
    0x0800013a   0x0800013a   0x00000004   Code   RO         1389    .ARM.Collect$$rtentry$$0000000A  c_p.l(__rtentry2.o)
    0x0800013e   0x0800013e   0x00000000   Code   RO         1391    .ARM.Collect$$rtentry$$0000000C  c_p.l(__rtentry2.o)
    0x0800013e   0x0800013e   0x00000008   Code   RO         1392    .ARM.Collect$$rtentry$$0000000D  c_p.l(__rtentry2.o)
    0x08000146   0x08000146   0x00000002   Code   RO         1421    .ARM.Collect$$rtexit$$00000000  c_p.l(rtexit.o)
    0x08000148   0x08000148   0x00000000   Code   RO         1477    .ARM.Collect$$rtexit$$00000002  c_p.l(rtexit2.o)
    0x08000148   0x08000148   0x00000004   Code   RO         1478    .ARM.Collect$$rtexit$$00000003  c_p.l(rtexit2.o)
    0x0800014c   0x0800014c   0x00000006   Code   RO         1479    .ARM.Collect$$rtexit$$00000004  c_p.l(rtexit2.o)
    0x08000152   0x08000152   0x00000002   PAD
    0x08000154   0x08000154   0x00000038   Code   RO          215    .text               startup_stm32f030x6.o
    0x0800018c   0x0800018c   0x0000015a   Code   RO         1372    .text               c_p.l(aeabi_sdiv.o)
    0x080002e6   0x080002e6   0x00000006   Code   RO         1376    .text               c_p.l(heapauxi.o)
    0x080002ec   0x080002ec   0x0000003e   Code   RO         1402    .text               c_p.l(sys_stackheap_outer.o)
    0x0800032a   0x0800032a   0x00000010   Code   RO         1405    .text               c_p.l(exit.o)
    0x0800033a   0x0800033a   0x00000002   PAD
    0x0800033c   0x0800033c   0x00000008   Code   RO         1417    .text               c_p.l(libspace.o)
    0x08000344   0x08000344   0x0000000c   Code   RO         1474    .text               c_p.l(sys_exit.o)
    0x08000350   0x08000350   0x00000002   Code   RO         1493    .text               c_p.l(use_no_semi.o)
    0x08000352   0x08000352   0x00000000   Code   RO         1495    .text               c_p.l(indicate_semi.o)
    0x08000352   0x08000352   0x000000ec   Code   RO          684    i.LL_GPIO_Init      stm32f0xx_ll_gpio.o
    0x0800043e   0x0800043e   0x00000002   PAD
    0x08000440   0x08000440   0x00000010   Code   RO          792    i.LL_RCC_GetSysClkSource  stm32f0xx_ll_rcc.o
    0x08000450   0x08000450   0x00000078   Code   RO          794    i.LL_RCC_GetUSARTClockFreq  stm32f0xx_ll_rcc.o
    0x080004c8   0x080004c8   0x00000010   Code   RO          795    i.LL_RCC_HSI_IsReady  stm32f0xx_ll_rcc.o
    0x080004d8   0x080004d8   0x000000d0   Code   RO         1223    i.LL_USART_Init     stm32f0xx_ll_usart.o
    0x080005a8   0x080005a8   0x00000010   Code   RO         1224    i.LL_USART_IsEnabled  stm32f0xx_ll_usart.o
    0x080005b8   0x080005b8   0x00000024   Code   RO          796    i.RCC_GetHCLKClockFreq  stm32f0xx_ll_rcc.o
    0x080005dc   0x080005dc   0x00000024   Code   RO          797    i.RCC_GetPCLK1ClockFreq  stm32f0xx_ll_rcc.o
    0x08000600   0x08000600   0x00000034   Code   RO          798    i.RCC_GetSystemClockFreq  stm32f0xx_ll_rcc.o
    0x08000634   0x08000634   0x00000064   Code   RO          799    i.RCC_PLL_GetFreqDomain_SYS  stm32f0xx_ll_rcc.o
    0x08000698   0x08000698   0x000000b0   Code   RO          159    i.SystemCoreClockUpdate  system_stm32f0xx.o
    0x08000748   0x08000748   0x00000002   Code   RO          160    i.SystemInit        system_stm32f0xx.o
    0x0800074a   0x0800074a   0x00000002   PAD
    0x0800074c   0x0800074c   0x00000050   Code   RO            3    i.USART1_IRQHandler  source.o
    0x0800079c   0x0800079c   0x00000034   Code   RO            4    i._Z10InitPeriphv   source.o
    0x080007d0   0x080007d0   0x00000006   Code   RO          367    i._Z13__set_PRIMASKj  sbus_controller.o
    0x080007d6   0x080007d6   0x00000002   PAD
    0x080007d8   0x080007d8   0x00000020   Code   RO          234    i._Z15EnableUsartIrqnP13USART_TypeDefh  periph_functions.o
    0x080007f8   0x080007f8   0x00000018   Code   RO          235    i._Z16__NVIC_EnableIRQ9IRQn_Type  periph_functions.o
    0x08000810   0x08000810   0x00000078   Code   RO          237    i._Z18__NVIC_SetPriority9IRQn_Typej  periph_functions.o
    0x08000888   0x08000888   0x00000010   Code   RO            5    i._Z22LL_RCC_GetSysClkSourcev  source.o
    0x08000898   0x08000898   0x00000014   Code   RO            6    i._Z22LL_RCC_SetSysClkSourcej  source.o
    0x080008ac   0x080008ac   0x000000bc   Code   RO            7    i._Z7InitRCCv       source.o
    0x08000968   0x08000968   0x00000030   Code   RO            8    i._Z8InitSBUSv      source.o
    0x08000998   0x08000998   0x0000002a   Code   RO          368    i._ZN14SbusController4InitE26SbusController_InitTypeDef  sbus_controller.o
    0x080009c2   0x080009c2   0x00000182   Code   RO          369    i._ZN14SbusController5ParseEv  sbus_controller.o
    0x08000b44   0x08000b44   0x00000024   Code   RO          370    i._ZN14SbusController7AddByteEh  sbus_controller.o
    0x08000b68   0x08000b68   0x0000002a   Code   RO          371    i._ZN14SbusController8InitGPIOEv  sbus_controller.o
    0x08000b92   0x08000b92   0x00000002   PAD
    0x08000b94   0x08000b94   0x000000a4   Code   RO          372    i._ZN14SbusController9InitUSARTEv  sbus_controller.o
    0x08000c38   0x08000c38   0x00000012   Code   RO            9    i.main              source.o
    0x08000c4a   0x08000c4a   0x00000018   Data   RO          161    .constdata          system_stm32f0xx.o
    0x08000c62   0x08000c62   0x00000002   PAD
    0x08000c64   0x08000c64   0x00000020   Data   RO         1547    Region$$Table       anon$$obj.o


    Execution Region RW_IRAM1 (Exec base: 0x20000000, Load base: 0x08000c84, Size: 0x000006b0, Max: 0x00001000, ABSOLUTE)

    Exec Addr    Load Addr    Size         Type   Attr      Idx    E Section Name        Object

    0x20000000   0x08000c84   0x00000004   Data   RW          162    .data               system_stm32f0xx.o
    0x20000004        -       0x0000004c   Zero   RW           17    .bss                source.o
    0x20000050        -       0x00000060   Zero   RW         1418    .bss                c_p.l(libspace.o)
    0x200000b0        -       0x00000200   Zero   RW          213    HEAP                startup_stm32f030x6.o
    0x200002b0        -       0x00000400   Zero   RW          212    STACK               startup_stm32f030x6.o


==============================================================================

Image component sizes


      Code (inc. data)   RO Data    RW Data    ZI Data      Debug   Object Name

       176         20          0          0          0       9630   periph_functions.o
       676          6          0          0          0      20988   sbus_controller.o
       422         42          0          0         76     218892   source.o
        56         26        176          0       1536        704   startup_stm32f030x6.o
       236          0          0          0          0       6795   stm32f0xx_ll_gpio.o
       376         56          0          0          0      16931   stm32f0xx_ll_rcc.o
       224         14          0          0          0      17920   stm32f0xx_ll_usart.o
       178         20         24          4          0     180311   system_stm32f0xx.o

    ----------------------------------------------------------------------
      2352        184        234          4       1612     472171   Object Totals
         0          0         32          0          0          0   (incl. Generated)
         8          0          2          0          0          0   (incl. Padding)

    ----------------------------------------------------------------------

      Code (inc. data)   RO Data    RW Data    ZI Data      Debug   Library Member Name

         8          0          0          0          0         68   __main.o
         0          0          0          0          0          0   __rtentry.o
        12          0          0          0          0          0   __rtentry2.o
         6          0          0          0          0          0   __rtentry4.o
        60          8          0          0          0          0   __scatter.o
        26          0          0          0          0          0   __scatter_copy.o
        28          0          0          0          0          0   __scatter_zi.o
       346          0          0          0          0         92   aeabi_sdiv.o
        16          0          0          0          0         68   exit.o
         6          0          0          0          0        136   heapauxi.o
         0          0          0          0          0          0   indicate_semi.o
         2          0          0          0          0          0   libinit.o
         2          0          0          0          0          0   libinit2.o
         2          0          0          0          0          0   libshutdown.o
         2          0          0          0          0          0   libshutdown2.o
         8          4          0          0         96         68   libspace.o
         2          0          0          0          0          0   rtexit.o
        10          0          0          0          0          0   rtexit2.o
        12          4          0          0          0         60   sys_exit.o
        62          0          0          0          0         80   sys_stackheap_outer.o
         2          0          0          0          0         68   use_no_semi.o

    ----------------------------------------------------------------------
       618         16          0          0         96        640   Library Totals
         6          0          0          0          0          0   (incl. Padding)

    ----------------------------------------------------------------------

      Code (inc. data)   RO Data    RW Data    ZI Data      Debug   Library Name

       612         16          0          0         96        640   c_p.l

    ----------------------------------------------------------------------
       618         16          0          0         96        640   Library Totals

    ----------------------------------------------------------------------

==============================================================================


      Code (inc. data)   RO Data    RW Data    ZI Data      Debug   

      2970        200        234          4       1708     471523   Grand Totals
      2970        200        234          4       1708     471523   ELF Image Totals
      2970        200        234          4          0          0   ROM Totals

==============================================================================

    Total RO  Size (Code + RO Data)                 3204 (   3.13kB)
    Total RW  Size (RW Data + ZI Data)              1712 (   1.67kB)
    Total ROM Size (Code + RO Data + RW Data)       3208 (   3.13kB)

==============================================================================

